Archive member included to satisfy reference by file (symbol)

../Middlewares/ST/AI/Lib\NetworkRuntime1020_CM4_GCC.a(ai_platform.o)
                              ./X-CUBE-AI/App/network.o (ai_buffer_array_item_set_address)
../Middlewares/ST/AI/Lib\NetworkRuntime1020_CM4_GCC.a(ai_platform_interface.o)
                              ./X-CUBE-AI/App/network.o (ai_platform_get_weights_map)
../Middlewares/ST/AI/Lib\NetworkRuntime1020_CM4_GCC.a(core_common.o)
                              ../Middlewares/ST/AI/Lib\NetworkRuntime1020_CM4_GCC.a(ai_platform_interface.o) (core_init)
../Middlewares/ST/AI/Lib\NetworkRuntime1020_CM4_GCC.a(core_mem_manager.o)
                              ../Middlewares/ST/AI/Lib\NetworkRuntime1020_CM4_GCC.a(ai_platform_interface.o) (core_mem_alloc)
../Middlewares/ST/AI/Lib\NetworkRuntime1020_CM4_GCC.a(layers.o)
                              ../Middlewares/ST/AI/Lib\NetworkRuntime1020_CM4_GCC.a(ai_platform_interface.o) (ai_check_custom_types)
../Middlewares/ST/AI/Lib\NetworkRuntime1020_CM4_GCC.a(layers_conv2d_generic_float.o)
                              ./X-CUBE-AI/App/network.o (forward_conv2d_if32of32wf32)
../Middlewares/ST/AI/Lib\NetworkRuntime1020_CM4_GCC.a(layers_generic_float.o)
                              ./X-CUBE-AI/App/network.o (forward_tile)
../Middlewares/ST/AI/Lib\NetworkRuntime1020_CM4_GCC.a(layers_nl_generic_float.o)
                              ./X-CUBE-AI/App/network.o (forward_relu)
../Middlewares/ST/AI/Lib\NetworkRuntime1020_CM4_GCC.a(layers_pad_generic.o)
                              ../Middlewares/ST/AI/Lib\NetworkRuntime1020_CM4_GCC.a(layers_generic_float.o) (forward_pad_8bit_ch1st_3x3_constant)
../Middlewares/ST/AI/Lib\NetworkRuntime1020_CM4_GCC.a(layers_pool_generic_float.o)
                              ./X-CUBE-AI/App/network.o (forward_mp)
../Middlewares/ST/AI/Lib\NetworkRuntime1020_CM4_GCC.a(layers_resize.o)
                              ../Middlewares/ST/AI/Lib\NetworkRuntime1020_CM4_GCC.a(layers_generic_float.o) (forward_resize_nearest_if32of32)
../Middlewares/ST/AI/Lib\NetworkRuntime1020_CM4_GCC.a(layers_conv2d_integer_scratch.o)
                              ../Middlewares/ST/AI/Lib\NetworkRuntime1020_CM4_GCC.a(layers.o) (get_dense_scratch_size_s8)
../Middlewares/ST/AI/Lib\NetworkRuntime1020_CM4_GCC.a(forward_lite_argminmax.o)
                              ../Middlewares/ST/AI/Lib\NetworkRuntime1020_CM4_GCC.a(layers_generic_float.o) (forward_lite_argmax_if32)
../Middlewares/ST/AI/Lib\NetworkRuntime1020_CM4_GCC.a(forward_lite_conv2d_if32of32wf32.o)
                              ../Middlewares/ST/AI/Lib\NetworkRuntime1020_CM4_GCC.a(layers_conv2d_generic_float.o) (forward_lite_conv2d_if32of32wf32)
../Middlewares/ST/AI/Lib\NetworkRuntime1020_CM4_GCC.a(lite_nl_softmax_if32of32.o)
                              ../Middlewares/ST/AI/Lib\NetworkRuntime1020_CM4_GCC.a(layers_nl_generic_float.o) (forward_lite_nl_softmax_if32of32_kernel)
../Middlewares/ST/AI/Lib\NetworkRuntime1020_CM4_GCC.a(lite_nl_relu_if32of32.o)
                              ../Middlewares/ST/AI/Lib\NetworkRuntime1020_CM4_GCC.a(layers_nl_generic_float.o) (forward_lite_nl_prelu_if32of32_kernel)
../Middlewares/ST/AI/Lib\NetworkRuntime1020_CM4_GCC.a(lite_argminmax_if32_kernel.o)
                              ../Middlewares/ST/AI/Lib\NetworkRuntime1020_CM4_GCC.a(forward_lite_argminmax.o) (forward_lite_argmax_f32_kernel_ch)
../Middlewares/ST/AI/Lib\NetworkRuntime1020_CM4_GCC.a(lite_argminmax_is8_kernel.o)
                              ../Middlewares/ST/AI/Lib\NetworkRuntime1020_CM4_GCC.a(forward_lite_argminmax.o) (forward_lite_argmax_s8_kernel)
../Middlewares/ST/AI/Lib\NetworkRuntime1020_CM4_GCC.a(forward_lite_resize.o)
                              ../Middlewares/ST/AI/Lib\NetworkRuntime1020_CM4_GCC.a(layers_resize.o) (forward_lite_resize_bilinear_if32of32)
../Middlewares/ST/AI/Lib\NetworkRuntime1020_CM4_GCC.a(forward_lite_upsample.o)
                              ../Middlewares/ST/AI/Lib\NetworkRuntime1020_CM4_GCC.a(layers_generic_float.o) (forward_lite_upsample_bilinear_if32of32)
../Middlewares/ST/AI/Lib\NetworkRuntime1020_CM4_GCC.a(forward_lite_upsample_generic.o)
                              ../Middlewares/ST/AI/Lib\NetworkRuntime1020_CM4_GCC.a(layers_generic_float.o) (forward_lite_upsample_nearest)
../Middlewares/ST/AI/Lib\NetworkRuntime1020_CM4_GCC.a(lite_dense_if32.o)
                              ../Middlewares/ST/AI/Lib\NetworkRuntime1020_CM4_GCC.a(layers_conv2d_generic_float.o) (lite_decompress_ilutof32)
../Middlewares/ST/AI/Lib\NetworkRuntime1020_CM4_GCC.a(lite_generic_float.o)
                              ../Middlewares/ST/AI/Lib\NetworkRuntime1020_CM4_GCC.a(layers_generic_float.o) (forward_lite_gather_nd)
../Middlewares/ST/AI/Lib\NetworkRuntime1020_CM4_GCC.a(lite_nl_generic_float.o)
                              ../Middlewares/ST/AI/Lib\NetworkRuntime1020_CM4_GCC.a(layers_nl_generic_float.o) (forward_lite_nl_softmax_if32of32)
[...]
Memory Configuration

Name             Origin             Length             Attributes
CCMRAM           0x10000000         0x00001000         xrw
RAM              0x20000000         0x00003000         xrw
FLASH            0x08000000         0x00010000         xr
*default*        0x00000000         0xffffffff

Linker script and memory map

LOAD C:/ST/STM32CubeIDE_2.0.0/STM32CubeIDE/plugins/com.st.stm32cube.ide.mcu.externaltools.gnu-tools-for-stm32.13.3.rel1.win32_1.0.100.202509120712/tools/bin/../lib/gcc/arm-none-eabi/13.3.1/thumb/v7e-m+fp/hard/crti.o
LOAD C:/ST/STM32CubeIDE_2.0.0/STM32CubeIDE/plugins/com.st.stm32cube.ide.mcu.externaltools.gnu-tools-for-stm32.13.3.rel1.win32_1.0.100.202509120712/tools/bin/../lib/gcc/arm-none-eabi/13.3.1/thumb/v7e-m+fp/hard/crtbegin.o
LOAD C:/ST/STM32CubeIDE_2.0.0/STM32CubeIDE/plugins/com.st.stm32cube.ide.mcu.externaltools.gnu-tools-for-stm32.13.3.rel1.win32_1.0.100.202509120712/tools/bin/../lib/gcc/arm-none-eabi/13.3.1/../../../../arm-none-eabi/lib/thumb/v7e-m+fp/hard/crt0.o
LOAD ./Core/Src/gpio.o
LOAD ./Core/Src/main.o
LOAD ./Core/Src/stm32f3xx_hal_msp.o
LOAD ./Core/Src/stm32f3xx_it.o
LOAD ./Core/Src/syscalls.o
LOAD ./Core/Src/sysmem.o
LOAD ./Core/Src/system_stm32f3xx.o
LOAD ./Core/Src/usart.o
LOAD ./Core/Startup/startup_stm32f303k8tx.o
LOAD ./Drivers/STM32F3xx_HAL_Driver/Src/stm32f3xx_hal.o
LOAD ./Drivers/STM32F3xx_HAL_Driver/Src/stm32f3xx_hal_cortex.o
LOAD ./Drivers/STM32F3xx_HAL_Driver/Src/stm32f3xx_hal_dma.o
LOAD ./Drivers/STM32F3xx_HAL_Driver/Src/stm32f3xx_hal_exti.o
LOAD ./Drivers/STM32F3xx_HAL_Driver/Src/stm32f3xx_hal_flash.o
LOAD ./Drivers/STM32F3xx_HAL_Driver/Src/stm32f3xx_hal_flash_ex.o
LOAD ./Drivers/STM32F3xx_HAL_Driver/Src/stm32f3xx_hal_gpio.o
LOAD ./Drivers/STM32F3xx_HAL_Driver/Src/stm32f3xx_hal_i2c.o
LOAD ./Drivers/STM32F3xx_HAL_Driver/Src/stm32f3xx_hal_i2c_ex.o
LOAD ./Drivers/STM32F3xx_HAL_Driver/Src/stm32f3xx_hal_pwr.o
LOAD ./Drivers/STM32F3xx_HAL_Driver/Src/stm32f3xx_hal_pwr_ex.o
LOAD ./Drivers/STM32F3xx_HAL_Driver/Src/stm32f3xx_hal_rcc.o
LOAD ./Drivers/STM32F3xx_HAL_Driver/Src/stm32f3xx_hal_rcc_ex.o
LOAD ./Drivers/STM32F3xx_HAL_Driver/Src/stm32f3xx_hal_uart.o
LOAD ./Drivers/STM32F3xx_HAL_Driver/Src/stm32f3xx_hal_uart_ex.o
LOAD ./X-CUBE-AI/App/network.o
LOAD ./X-CUBE-AI/App/network_data.o
LOAD ./X-CUBE-AI/App/network_data_params.o
LOAD ../Middlewares/ST/AI/Lib\NetworkRuntime1020_CM4_GCC.a
START GROUP
LOAD C:/ST/STM32CubeIDE_2.0.0/STM32CubeIDE/plugins/com.st.stm32cube.ide.mcu.externaltools.gnu-tools-for-stm32.13.3.rel1.win32_1.0.100.202509120712/tools/bin/../lib/gcc/arm-none-eabi/13.3.1/../../../../arm-none-eabi/lib/thumb/v7e-m+fp/hard\libc_nano.a
LOAD C:/ST/STM32CubeIDE_2.0.0/STM32CubeIDE/plugins/com.st.stm32cube.ide.mcu.externaltools.gnu-tools-for-stm32.13.3.rel1.win32_1.0.100.202509120712/tools/bin/../lib/gcc/arm-none-eabi/13.3.1/../../../../arm-none-eabi/lib/thumb/v7e-m+fp/hard\libm.a
END GROUP
START GROUP
LOAD C:/ST/STM32CubeIDE_2.0.0/STM32CubeIDE/plugins/com.st.stm32cube.ide.mcu.externaltools.gnu-tools-for-stm32.13.3.rel1.win32_1.0.100.202509120712/tools/bin/../lib/gcc/arm-none-eabi/13.3.1/thumb/v7e-m+fp/hard\libgcc.a
LOAD C:/ST/STM32CubeIDE_2.0.0/STM32CubeIDE/plugins/com.st.stm32cube.ide.mcu.externaltools.gnu-tools-for-stm32.13.3.rel1.win32_1.0.100.202509120712/tools/bin/../lib/gcc/arm-none-eabi/13.3.1/../../../../arm-none-eabi/lib/thumb/v7e-m+fp/hard\libc_nano.a
END GROUP
START GROUP
LOAD C:/ST/STM32CubeIDE_2.0.0/STM32CubeIDE/plugins/com.st.stm32cube.ide.mcu.externaltools.gnu-tools-for-stm32.13.3.rel1.win32_1.0.100.202509120712/tools/bin/../lib/gcc/arm-none-eabi/13.3.1/thumb/v7e-m+fp/hard\libgcc.a
LOAD C:/ST/STM32CubeIDE_2.0.0/STM32CubeIDE/plugins/com.st.stm32cube.ide.mcu.externaltools.gnu-tools-for-stm32.13.3.rel1.win32_1.0.100.202509120712/tools/bin/../lib/gcc/arm-none-eabi/13.3.1/../../../../arm-none-eabi/lib/thumb/v7e-m+fp/hard\libc_nano.a
LOAD C:/ST/STM32CubeIDE_2.0.0/STM32CubeIDE/plugins/com.st.stm32cube.ide.mcu.externaltools.gnu-tools-for-stm32.13.3.rel1.win32_1.0.100.202509120712/tools/bin/../lib/gcc/arm-none-eabi/13.3.1/../../../../arm-none-eabi/lib/thumb/v7e-m+fp/hard\libnosys.a
END GROUP
START GROUP
LOAD C:/ST/STM32CubeIDE_2.0.0/STM32CubeIDE/plugins/com.st.stm32cube.ide.mcu.externaltools.gnu-tools-for-stm32.13.3.rel1.win32_1.0.100.202509120712/tools/bin/../lib/gcc/arm-none-eabi/13.3.1/thumb/v7e-m+fp/hard\libgcc.a
LOAD C:/ST/STM32CubeIDE_2.0.0/STM32CubeIDE/plugins/com.st.stm32cube.ide.mcu.externaltools.gnu-tools-for-stm32.13.3.rel1.win32_1.0.100.202509120712/tools/bin/../lib/gcc/arm-none-eabi/13.3.1/../../../../arm-none-eabi/lib/thumb/v7e-m+fp/hard\libc_nano.a
LOAD C:/ST/STM32CubeIDE_2.0.0/STM32CubeIDE/plugins/com.st.stm32cube.ide.mcu.externaltools.gnu-tools-for-stm32.13.3.rel1.win32_1.0.100.202509120712/tools/bin/../lib/gcc/arm-none-eabi/13.3.1/../../../../arm-none-eabi/lib/thumb/v7e-m+fp/hard\libnosys.a
END GROUP
LOAD C:/ST/STM32CubeIDE_2.0.0/STM32CubeIDE/plugins/com.st.stm32cube.ide.mcu.externaltools.gnu-tools-for-stm32.13.3.rel1.win32_1.0.100.202509120712/tools/bin/../lib/gcc/arm-none-eabi/13.3.1/thumb/v7e-m+fp/hard/crtend.o
LOAD C:/ST/STM32CubeIDE_2.0.0/STM32CubeIDE/plugins/com.st.stm32cube.ide.mcu.externaltools.gnu-tools-for-stm32.13.3.rel1.win32_1.0.100.202509120712/tools/bin/../lib/gcc/arm-none-eabi/13.3.1/thumb/v7e-m+fp/hard/crtn.o
                0x20003000                        _estack = (ORIGIN (RAM) + LENGTH (RAM))
                0x00000800                        _Min_Heap_Size = 0x800
                0x00000800                        _Min_Stack_Size = 0x800

.isr_vector     0x08000000      0x188
                0x08000000                        . = ALIGN (0x4)
 *(.isr_vector)
 .isr_vector    0x08000000      0x188 ./Core/Startup/startup_stm32f303k8tx.o
                0x08000000                g_pfnVectors
                0x08000188                        . = ALIGN (0x4)

.text           0x08000188     0x3d68
                0x08000188                        . = ALIGN (0x4)
 *(.text)
 .text          0x08000188       0x40 C:/ST/STM32CubeIDE_2.0.0/STM32CubeIDE/plugins/com.st.stm32cube.ide.mcu.externaltools.gnu-tools-for-stm32.13.3.rel1.win32_1.0.100.202509120712/tools/bin/../lib/gcc/arm-none-eabi/13.3.1/thumb/v7e-m+fp/hard/crtbegin.o
 *(.text*)
 .text.MX_GPIO_Init
                0x080001c8       0x48 ./Core/Src/gpio.o
                0x080001c8                MX_GPIO_Init
 .text.AI_Init  0x08000210       0xa4 ./Core/Src/main.o
 .text.AI_Run   0x080002b4       0x4c ./Core/Src/main.o
 .text.main     0x08000300       0xdc ./Core/Src/main.o
                0x08000300                main
 .text.SystemClock_Config
                0x080003dc       0x82 ./Core/Src/main.o
                0x080003dc                SystemClock_Config
 .text.Error_Handler
                0x0800045e        0xc ./Core/Src/main.o
                0x0800045e                Error_Handler
 *fill*         0x0800046a        0x2 
 .text.HAL_MspInit
                0x0800046c       0x48 ./Core/Src/stm32f3xx_hal_msp.o
                0x0800046c                HAL_MspInit
 .text.NMI_Handler
                0x080004b4        0x8 ./Core/Src/stm32f3xx_it.o
                0x080004b4                NMI_Handler
 .text.HardFault_Handler
                0x080004bc        0x8 ./Core/Src/stm32f3xx_it.o
                0x080004bc                HardFault_Handler
 .text.MemManage_Handler
                0x080004c4        0x8 ./Core/Src/stm32f3xx_it.o
                0x080004c4                MemManage_Handler
 .text.BusFault_Handler
                0x080004cc        0x8 ./Core/Src/stm32f3xx_it.o
                0x080004cc                BusFault_Handler
 .text.UsageFault_Handler
                0x080004d4        0x8 ./Core/Src/stm32f3xx_it.o
                0x080004d4                UsageFault_Handler
 .text.SVC_Handler
                0x080004dc        0xe ./Core/Src/stm32f3xx_it.o
                0x080004dc                SVC_Handler
 .text.DebugMon_Handler
                0x080004ea        0xe ./Core/Src/stm32f3xx_it.o
                0x080004ea                DebugMon_Handler
 .text.PendSV_Handler
                0x080004f8        0xe ./Core/Src/stm32f3xx_it.o
                0x080004f8                PendSV_Handler
 .text.SysTick_Handler
                0x08000506        0xc ./Core/Src/stm32f3xx_it.o
                0x08000506                SysTick_Handler
 *fill*         0x08000512        0x2 
 .text.SystemInit
                0x08000514       0x24 ./Core/Src/system_stm32f3xx.o
                0x08000514                SystemInit
 .text.Reset_Handler
                0x08000538       0x50 ./Core/Startup/startup_stm32f303k8tx.o
                0x08000538                Reset_Handler
 .text.Default_Handler
                0x08000588        0x2 ./Core/Startup/startup_stm32f303k8tx.o
                0x08000588                RTC_Alarm_IRQHandler
                0x08000588                TIM1_CC_IRQHandler
                0x08000588                PVD_IRQHandler
                0x08000588                TAMP_STAMP_IRQHandler
                0x08000588                EXTI3_IRQHandler
                0x08000588                EXTI0_IRQHandler
                0x08000588                FPU_IRQHandler
                0x08000588                CAN_TX_IRQHandler
                0x08000588                TIM1_UP_TIM16_IRQHandler
                0x08000588                ADC1_2_IRQHandler
                0x08000588                SPI1_IRQHandler
                0x08000588                CAN_SCE_IRQHandler
                0x08000588                DMA1_Channel4_IRQHandler
                0x08000588                USART3_IRQHandler
                0x08000588                DMA1_Channel7_IRQHandler
                0x08000588                TIM7_DAC2_IRQHandler
                0x08000588                CAN_RX1_IRQHandler
                0x08000588                I2C1_EV_IRQHandler
                0x08000588                DMA1_Channel6_IRQHandler
                0x08000588                TIM3_IRQHandler
                0x08000588                RCC_IRQHandler
                0x08000588                DMA1_Channel1_IRQHandler
                0x08000588                Default_Handler
                0x08000588                EXTI15_10_IRQHandler
                0x08000588                COMP2_IRQHandler
                0x08000588                TIM6_DAC1_IRQHandler
                0x08000588                EXTI9_5_IRQHandler
                0x08000588                RTC_WKUP_IRQHandler
                0x08000588                DMA1_Channel5_IRQHandler
                0x08000588                EXTI4_IRQHandler
                0x08000588                TIM1_TRG_COM_TIM17_IRQHandler
                0x08000588                DMA1_Channel3_IRQHandler
                0x08000588                WWDG_IRQHandler
                0x08000588                TIM2_IRQHandler
                0x08000588                EXTI1_IRQHandler
                0x08000588                COMP4_6_IRQHandler
                0x08000588                USART2_IRQHandler
                0x08000588                DMA1_Channel2_IRQHandler
                0x08000588                FLASH_IRQHandler
                0x08000588                USART1_IRQHandler
                0x08000588                CAN_RX0_IRQHandler
                0x08000588                I2C1_ER_IRQHandler
                0x08000588                EXTI2_TSC_IRQHandler
                0x08000588                TIM1_BRK_TIM15_IRQHandler
 *fill*         0x0800058a        0x2 
 .text.HAL_Init
                0x0800058c       0x2c ./Drivers/STM32F3xx_HAL_Driver/Src/stm32f3xx_hal.o
                0x0800058c                HAL_Init
 .text.HAL_InitTick
                0x080005b8       0x60 ./Drivers/STM32F3xx_HAL_Driver/Src/stm32f3xx_hal.o
                0x080005b8                HAL_InitTick
 .text.HAL_IncTick
                0x08000618       0x28 ./Drivers/STM32F3xx_HAL_Driver/Src/stm32f3xx_hal.o
                0x08000618                HAL_IncTick
 .text.HAL_GetTick
                0x08000640       0x18 ./Drivers/STM32F3xx_HAL_Driver/Src/stm32f3xx_hal.o
                0x08000640                HAL_GetTick
 .text.HAL_Delay
                0x08000658       0x48 ./Drivers/STM32F3xx_HAL_Driver/Src/stm32f3xx_hal.o
                0x08000658                HAL_Delay
 .text.__NVIC_SetPriorityGrouping
                0x080006a0       0x48 ./Drivers/STM32F3xx_HAL_Driver/Src/stm32f3xx_hal_cortex.o
 .text.__NVIC_GetPriorityGrouping
                0x080006e8       0x1c ./Drivers/STM32F3xx_HAL_Driver/Src/stm32f3xx_hal_cortex.o
 .text.__NVIC_SetPriority
                0x08000704       0x54 ./Drivers/STM32F3xx_HAL_Driver/Src/stm32f3xx_hal_cortex.o
 .text.NVIC_EncodePriority
                0x08000758       0x66 ./Drivers/STM32F3xx_HAL_Driver/Src/stm32f3xx_hal_cortex.o
 *fill*         0x080007be        0x2 
 .text.SysTick_Config
                0x080007c0       0x44 ./Drivers/STM32F3xx_HAL_Driver/Src/stm32f3xx_hal_cortex.o
 .text.HAL_NVIC_SetPriorityGrouping
                0x08000804       0x16 ./Drivers/STM32F3xx_HAL_Driver/Src/stm32f3xx_hal_cortex.o
                0x08000804                HAL_NVIC_SetPriorityGrouping
 .text.HAL_NVIC_SetPriority
                0x0800081a       0x38 ./Drivers/STM32F3xx_HAL_Driver/Src/stm32f3xx_hal_cortex.o
                0x0800081a                HAL_NVIC_SetPriority
 .text.HAL_SYSTICK_Config
                0x08000852       0x18 ./Drivers/STM32F3xx_HAL_Driver/Src/stm32f3xx_hal_cortex.o
                0x08000852                HAL_SYSTICK_Config
 *fill*         0x0800086a        0x2 
 .text.HAL_RCC_OscConfig
                0x0800086c     0x101c ./Drivers/STM32F3xx_HAL_Driver/Src/stm32f3xx_hal_rcc.o
                0x0800086c                HAL_RCC_OscConfig
 .text.HAL_RCC_ClockConfig
                0x08001888      0x2dc ./Drivers/STM32F3xx_HAL_Driver/Src/stm32f3xx_hal_rcc.o
                0x08001888                HAL_RCC_ClockConfig
 .text.HAL_RCC_GetSysClockFreq
                0x08001b64       0xa8 ./Drivers/STM32F3xx_HAL_Driver/Src/stm32f3xx_hal_rcc.o
                0x08001b64                HAL_RCC_GetSysClockFreq
 .text.network_configure_activations
                0x08001c0c      0x250 ./X-CUBE-AI/App/network.o
 .text.network_configure_weights
                0x08001e5c      0x200 ./X-CUBE-AI/App/network.o
 .text.ai_network_create
                0x0800205c       0x2c ./X-CUBE-AI/App/network.o
                0x0800205c                ai_network_create
 .text.ai_network_inputs_get
                0x08002088       0x34 ./X-CUBE-AI/App/network.o
                0x08002088                ai_network_inputs_get
 .text.ai_network_outputs_get
                0x080020bc       0x34 ./X-CUBE-AI/App/network.o
                0x080020bc                ai_network_outputs_get
 .text.ai_network_init
                0x080020f0       0x78 ./X-CUBE-AI/App/network.o
                0x080020f0                ai_network_init
 .text.ai_network_run
                0x08002168       0x20 ./X-CUBE-AI/App/network.o
                0x08002168                ai_network_run
 .text.ai_network_data_activations_buffer_get
                0x08002188       0x68 ./X-CUBE-AI/App/network_data.o
                0x08002188                ai_network_data_activations_buffer_get
 .text.ai_network_data_weights_buffer_get
                0x080021f0       0x68 ./X-CUBE-AI/App/network_data.o
                0x080021f0                ai_network_data_weights_buffer_get
 .text.ai_network_data_weights_get
                0x08002258       0x14 ./X-CUBE-AI/App/network_data.o
                0x08002258                ai_network_data_weights_get
 .text.ai_buffer_get_size
                0x0800226c       0x64 ../Middlewares/ST/AI/Lib\NetworkRuntime1020_CM4_GCC.a(ai_platform.o)
                0x0800226c                ai_buffer_get_size
 .text.ai_buffer_array_sane
                0x080022d0       0x14 ../Middlewares/ST/AI/Lib\NetworkRuntime1020_CM4_GCC.a(ai_platform.o)
                0x080022d0                ai_buffer_array_sane
 .text.ai_platform_get_weights_map
                0x080022e4       0xa4 ../Middlewares/ST/AI/Lib\NetworkRuntime1020_CM4_GCC.a(ai_platform_interface.o)
                0x080022e4                ai_platform_get_weights_map
 .text.ai_platform_get_activations_map
                0x08002388       0xa8 ../Middlewares/ST/AI/Lib\NetworkRuntime1020_CM4_GCC.a(ai_platform_interface.o)
                0x08002388                ai_platform_get_activations_map
 .text.ai_platform_network_set_error
                0x08002430        0xc ../Middlewares/ST/AI/Lib\NetworkRuntime1020_CM4_GCC.a(ai_platform_interface.o)
                0x08002430                ai_platform_network_set_error
 .text.ai_platform_inputs_get
                0x0800243c       0xec ../Middlewares/ST/AI/Lib\NetworkRuntime1020_CM4_GCC.a(ai_platform_interface.o)
                0x0800243c                ai_platform_inputs_get
 .text.ai_platform_outputs_get
                0x08002528       0xe4 ../Middlewares/ST/AI/Lib\NetworkRuntime1020_CM4_GCC.a(ai_platform_interface.o)
                0x08002528                ai_platform_outputs_get
 .text.ai_platform_network_create
                0x0800260c       0x84 ../Middlewares/ST/AI/Lib\NetworkRuntime1020_CM4_GCC.a(ai_platform_interface.o)
                0x0800260c                ai_platform_network_create
 .text.ai_platform_network_init
                0x08002690      0x130 ../Middlewares/ST/AI/Lib\NetworkRuntime1020_CM4_GCC.a(ai_platform_interface.o)
                0x08002690                ai_platform_network_init
 .text.ai_platform_network_post_init
                0x080027c0       0x5c ../Middlewares/ST/AI/Lib\NetworkRuntime1020_CM4_GCC.a(ai_platform_interface.o)
                0x080027c0                ai_platform_network_post_init
 .text.ai_platform_network_process
                0x0800281c      0x438 ../Middlewares/ST/AI/Lib\NetworkRuntime1020_CM4_GCC.a(ai_platform_interface.o)
                0x0800281c                ai_platform_network_process
 .text.core_init
                0x08002c54        0x4 ../Middlewares/ST/AI/Lib\NetworkRuntime1020_CM4_GCC.a(core_common.o)
                0x08002c54                core_init
 .text.core_set_error
                0x08002c58       0x18 ../Middlewares/ST/AI/Lib\NetworkRuntime1020_CM4_GCC.a(core_common.o)
                0x08002c58                core_set_error
 .text.ai_check_custom_types
                0x08002c70       0x54 ../Middlewares/ST/AI/Lib\NetworkRuntime1020_CM4_GCC.a(layers.o)
                0x08002c70                ai_check_custom_types
 .text.ai_layers_init_all
                0x08002cc4       0x20 ../Middlewares/ST/AI/Lib\NetworkRuntime1020_CM4_GCC.a(layers.o)
                0x08002cc4                ai_layers_init_all
 .text.ai_layers_post_init_all
                0x08002ce4       0x3c ../Middlewares/ST/AI/Lib\NetworkRuntime1020_CM4_GCC.a(layers.o)
                0x08002ce4                ai_layers_post_init_all
 .text.ai_layers_forward_all
                0x08002d20       0x90 ../Middlewares/ST/AI/Lib\NetworkRuntime1020_CM4_GCC.a(layers.o)
                0x08002d20                ai_layers_forward_all
 .text.forward_conv2d_if32of32wf32
                0x08002db0      0x1c4 ../Middlewares/ST/AI/Lib\NetworkRuntime1020_CM4_GCC.a(layers_conv2d_generic_float.o)
                0x08002db0                forward_conv2d_if32of32wf32
 .text.forward_tile
                0x08002f74      0x260 ../Middlewares/ST/AI/Lib\NetworkRuntime1020_CM4_GCC.a(layers_generic_float.o)
                0x08002f74                forward_tile
 .text.forward_relu
                0x080031d4      0x134 ../Middlewares/ST/AI/Lib\NetworkRuntime1020_CM4_GCC.a(layers_nl_generic_float.o)
                0x080031d4                forward_relu
 .text.forward_mp
                0x08003308      0x1b8 ../Middlewares/ST/AI/Lib\NetworkRuntime1020_CM4_GCC.a(layers_pool_generic_float.o)
                0x08003308                forward_mp
 .text.forward_lite_conv2d_if32of32wf32
                0x080034c0      0x5a8 ../Middlewares/ST/AI/Lib\NetworkRuntime1020_CM4_GCC.a(forward_lite_conv2d_if32of32wf32.o)
                0x080034c0                forward_lite_conv2d_if32of32wf32
 .text.forward_lite_nl_relu_generic_if32of32_kernel
                0x08003a68       0xf0 ../Middlewares/ST/AI/Lib\NetworkRuntime1020_CM4_GCC.a(lite_nl_relu_if32of32.o)
                0x08003a68                forward_lite_nl_relu_generic_if32of32_kernel
 .text.lite_decompress_ilutof32
                0x08003b58       0xac ../Middlewares/ST/AI/Lib\NetworkRuntime1020_CM4_GCC.a(lite_dense_if32.o)
                0x08003b58                lite_decompress_ilutof32
 .text.st_int8_copy
                0x08003c04      0x13c ../Middlewares/ST/AI/Lib\NetworkRuntime1020_CM4_GCC.a(st_int8_fill.o)
                0x08003c04                st_int8_copy
 .text.ai_array_to_buffer_fmt
                0x08003d40       0xe0 ../Middlewares/ST/AI/Lib\NetworkRuntime1020_CM4_GCC.a(ai_datatypes_format.o)
                0x08003d40                ai_array_to_buffer_fmt
 .text.ai_array_get_data_byte_size
                0x08003e20       0x24 ../Middlewares/ST/AI/Lib\NetworkRuntime1020_CM4_GCC.a(ai_datatypes_format.o)
                0x08003e20                ai_array_get_data_byte_size
 .text.ai_version_get
                0x08003e44        0xc ../Middlewares/ST/AI/Lib\NetworkRuntime1020_CM4_GCC.a(ai_datatypes_internal.o)
                0x08003e44                ai_version_get
 .text.get_tensor_byte_size
                0x08003e50       0x30 ../Middlewares/ST/AI/Lib\NetworkRuntime1020_CM4_GCC.a(ai_datatypes_internal.o)
                0x08003e50                get_tensor_byte_size
 .text.memset   0x08003e80       0x10 C:/ST/STM32CubeIDE_2.0.0/STM32CubeIDE/plugins/com.st.stm32cube.ide.mcu.externaltools.gnu-tools-for-stm32.13.3.rel1.win32_1.0.100.202509120712/tools/bin/../lib/gcc/arm-none-eabi/13.3.1/../../../../arm-none-eabi/lib/thumb/v7e-m+fp/hard\libc_nano.a(libc_a-memset.o)
                0x08003e80                memset
 .text.__libc_init_array
                0x08003e90       0x48 C:/ST/STM32CubeIDE_2.0.0/STM32CubeIDE/plugins/com.st.stm32cube.ide.mcu.externaltools.gnu-tools-for-stm32.13.3.rel1.win32_1.0.100.202509120712/tools/bin/../lib/gcc/arm-none-eabi/13.3.1/../../../../arm-none-eabi/lib/thumb/v7e-m+fp/hard\libc_nano.a(libc_a-init.o)
                0x08003e90                __libc_init_array
 *(.glue_7)
 .glue_7        0x08003ed8        0x0 linker stubs
 *(.glue_7t)
 .glue_7t       0x08003ed8        0x0 linker stubs
 *(.eh_frame)
 .eh_frame      0x08003ed8        0x0 C:/ST/STM32CubeIDE_2.0.0/STM32CubeIDE/plugins/com.st.stm32cube.ide.mcu.externaltools.gnu-tools-for-stm32.13.3.rel1.win32_1.0.100.202509120712/tools/bin/../lib/gcc/arm-none-eabi/13.3.1/thumb/v7e-m+fp/hard/crtbegin.o
 *(.init)
 .init          0x08003ed8        0x4 C:/ST/STM32CubeIDE_2.0.0/STM32CubeIDE/plugins/com.st.stm32cube.ide.mcu.externaltools.gnu-tools-for-stm32.13.3.rel1.win32_1.0.100.202509120712/tools/bin/../lib/gcc/arm-none-eabi/13.3.1/thumb/v7e-m+fp/hard/crti.o
                0x08003ed8                _init
 .init          0x08003edc        0x8 C:/ST/STM32CubeIDE_2.0.0/STM32CubeIDE/plugins/com.st.stm32cube.ide.mcu.externaltools.gnu-tools-for-stm32.13.3.rel1.win32_1.0.100.202509120712/tools/bin/../lib/gcc/arm-none-eabi/13.3.1/thumb/v7e-m+fp/hard/crtn.o
 *(.fini)
 .fini          0x08003ee4        0x4 C:/ST/STM32CubeIDE_2.0.0/STM32CubeIDE/plugins/com.st.stm32cube.ide.mcu.externaltools.gnu-tools-for-stm32.13.3.rel1.win32_1.0.100.202509120712/tools/bin/../lib/gcc/arm-none-eabi/13.3.1/thumb/v7e-m+fp/hard/crti.o
                0x08003ee4                _fini
 .fini          0x08003ee8        0x8 C:/ST/STM32CubeIDE_2.0.0/STM32CubeIDE/plugins/com.st.stm32cube.ide.mcu.externaltools.gnu-tools-for-stm32.13.3.rel1.win32_1.0.100.202509120712/tools/bin/../lib/gcc/arm-none-eabi/13.3.1/thumb/v7e-m+fp/hard/crtn.o
                0x08003ef0                        . = ALIGN (0x4)
                0x08003ef0                        _etext = .

.vfp11_veneer   0x08003ef0        0x0
 .vfp11_veneer  0x08003ef0        0x0 linker stubs

.v4_bx          0x08003ef0        0x0
 .v4_bx         0x08003ef0        0x0 linker stubs

.iplt           0x08003ef0        0x0
 .iplt          0x08003ef0        0x0 C:/ST/STM32CubeIDE_2.0.0/STM32CubeIDE/plugins/com.st.stm32cube.ide.mcu.externaltools.gnu-tools-for-stm32.13.3.rel1.win32_1.0.100.202509120712/tools/bin/../lib/gcc/arm-none-eabi/13.3.1/thumb/v7e-m+fp/hard/crtbegin.o

.rodata         0x08003f00      0x410
                0x08003f00                        . = ALIGN (0x4)
 *(.rodata)
 .rodata        0x08003f00       0x30 ./X-CUBE-AI/App/network_data.o
 *(.rodata*)
 .rodata.test_window
                0x08003f30       0x80 ./Core/Src/main.o
                0x08003f30                test_window
 .rodata.AHBPrescTable
                0x08003fb0       0x10 ./Core/Src/system_stm32f3xx.o
                0x08003fb0                AHBPrescTable
 .rodata.aPLLMULFactorTable
                0x08003fc0       0x10 ./Drivers/STM32F3xx_HAL_Driver/Src/stm32f3xx_hal_rcc.o
 .rodata.aPredivFactorTable
                0x08003fd0       0x10 ./Drivers/STM32F3xx_HAL_Driver/Src/stm32f3xx_hal_rcc.o
 .rodata.conv2d_43_chain
                0x08003fe0        0x8 ./X-CUBE-AI/App/network.o
 .rodata.tile_37_repeats_data
                0x08003fe8        0xa ./X-CUBE-AI/App/network.o
 *fill*         0x08003ff2        0x2 
 .rodata.tile_37_repeats
                0x08003ff4       0x10 ./X-CUBE-AI/App/network.o
 .rodata.tile_37_chain
                0x08004004        0x8 ./X-CUBE-AI/App/network.o
 .rodata.nl_34_nl_chain
                0x0800400c        0x8 ./X-CUBE-AI/App/network.o
 .rodata.conv2d_34_chain
                0x08004014        0x8 ./X-CUBE-AI/App/network.o
 .rodata.tile_28_repeats_data
                0x0800401c        0xa ./X-CUBE-AI/App/network.o
 *fill*         0x08004026        0x2 
 .rodata.tile_28_repeats
                0x08004028       0x10 ./X-CUBE-AI/App/network.o
 .rodata.tile_28_chain
                0x08004038        0x8 ./X-CUBE-AI/App/network.o
 .rodata.nl_25_nl_chain
                0x08004040        0x8 ./X-CUBE-AI/App/network.o
 .rodata.conv2d_25_chain
                0x08004048        0x8 ./X-CUBE-AI/App/network.o
 .rodata.tile_19_repeats_data
                0x08004050        0xa ./X-CUBE-AI/App/network.o
 *fill*         0x0800405a        0x2 
 .rodata.tile_19_repeats
                0x0800405c       0x10 ./X-CUBE-AI/App/network.o
 .rodata.tile_19_chain
                0x0800406c        0x8 ./X-CUBE-AI/App/network.o
 .rodata.pool_16_chain
                0x08004074        0x8 ./X-CUBE-AI/App/network.o
 .rodata.nl_13_nl_chain
                0x0800407c        0x8 ./X-CUBE-AI/App/network.o
 .rodata.conv2d_13_chain
                0x08004084        0x8 ./X-CUBE-AI/App/network.o
 .rodata.pool_10_chain
                0x0800408c        0x8 ./X-CUBE-AI/App/network.o
 .rodata.nl_7_nl_chain
                0x08004094        0x8 ./X-CUBE-AI/App/network.o
 .rodata.conv2d_7_chain
                0x0800409c        0x8 ./X-CUBE-AI/App/network.o
 .rodata.pool_4_chain
                0x080040a4        0x8 ./X-CUBE-AI/App/network.o
 .rodata.nl_1_nl_chain
                0x080040ac        0x8 ./X-CUBE-AI/App/network.o
 .rodata.conv2d_1_chain
                0x080040b4        0x8 ./X-CUBE-AI/App/network.o
 *fill*         0x080040bc        0x4 
 .rodata.s_network_weights_array_u64
                0x080040c0      0x250 ./X-CUBE-AI/App/network_data_params.o
                0x080040c0                s_network_weights_array_u64
                0x08004310                        . = ALIGN (0x4)

.ARM.extab      0x08004310        0x0
                0x08004310                        . = ALIGN (0x4)
 *(.ARM.extab* .gnu.linkonce.armextab.*)
                0x08004310                        . = ALIGN (0x4)

.ARM            0x08004310        0x0
                0x08004310                        . = ALIGN (0x4)
                0x08004310                        __exidx_start = .
 *(.ARM.exidx*)
                0x08004310                        __exidx_end = .
                0x08004310                        . = ALIGN (0x4)

.preinit_array  0x08004310        0x0
                0x08004310                        . = ALIGN (0x4)
                0x08004310                        PROVIDE (__preinit_array_start = .)
 *(.preinit_array*)
                0x08004310                        PROVIDE (__preinit_array_end = .)
                0x08004310                        . = ALIGN (0x4)

.init_array     0x08004310        0x4
                0x08004310                        . = ALIGN (0x4)
                0x08004310                        PROVIDE (__init_array_start = .)
 *(SORT_BY_NAME(.init_array.*))
 *(.init_array*)
 .init_array    0x08004310        0x4 C:/ST/STM32CubeIDE_2.0.0/STM32CubeIDE/plugins/com.st.stm32cube.ide.mcu.externaltools.gnu-tools-for-stm32.13.3.rel1.win32_1.0.100.202509120712/tools/bin/../lib/gcc/arm-none-eabi/13.3.1/thumb/v7e-m+fp/hard/crtbegin.o
                0x08004314                        PROVIDE (__init_array_end = .)
                0x08004314                        . = ALIGN (0x4)

.fini_array     0x08004314        0x4
                0x08004314                        . = ALIGN (0x4)
                [!provide]                        PROVIDE (__fini_array_start = .)
 *(SORT_BY_NAME(.fini_array.*))
 *(.fini_array*)
 .fini_array    0x08004314        0x4 C:/ST/STM32CubeIDE_2.0.0/STM32CubeIDE/plugins/com.st.stm32cube.ide.mcu.externaltools.gnu-tools-for-stm32.13.3.rel1.win32_1.0.100.202509120712/tools/bin/../lib/gcc/arm-none-eabi/13.3.1/thumb/v7e-m+fp/hard/crtbegin.o
                [!provide]                        PROVIDE (__fini_array_end = .)
                0x08004318                        . = ALIGN (0x4)
                0x08004318                        _sidata = LOADADDR (.data)

.rel.dyn        0x08004318        0x0
 .rel.iplt      0x08004318        0x0 C:/ST/STM32CubeIDE_2.0.0/STM32CubeIDE/plugins/com.st.stm32cube.ide.mcu.externaltools.gnu-tools-for-stm32.13.3.rel1.win32_1.0.100.202509120712/tools/bin/../lib/gcc/arm-none-eabi/13.3.1/thumb/v7e-m+fp/hard/crtbegin.o

.data           0x20000000     0x1570 load address 0x08004318
                0x20000000                        . = ALIGN (0x4)
                0x20000000                        _sdata = .
 *(.data)
 *(.data*)
 .data.SystemCoreClock
                0x20000000        0x4 ./Core/Src/system_stm32f3xx.o
                0x20000000                SystemCoreClock
 .data.uwTickPrio
                0x20000004        0x4 ./Drivers/STM32F3xx_HAL_Driver/Src/stm32f3xx_hal.o
                0x20000004                uwTickPrio
 .data.uwTickFreq
                0x20000008        0x1 ./Drivers/STM32F3xx_HAL_Driver/Src/stm32f3xx_hal.o
                0x20000008                uwTickFreq
 *fill*         0x20000009        0x3 
 .data.serving_default_keras_tensor_650_output_array
                0x2000000c       0x10 ./X-CUBE-AI/App/network.o
 .data.conv2d_1_output_array
                0x2000001c       0x10 ./X-CUBE-AI/App/network.o
 .data.nl_1_nl_output_array
                0x2000002c       0x10 ./X-CUBE-AI/App/network.o
 .data.pool_4_output_array
                0x2000003c       0x10 ./X-CUBE-AI/App/network.o
 .data.conv2d_7_output_array
                0x2000004c       0x10 ./X-CUBE-AI/App/network.o
 .data.nl_7_nl_output_array
                0x2000005c       0x10 ./X-CUBE-AI/App/network.o
 .data.pool_10_output_array
                0x2000006c       0x10 ./X-CUBE-AI/App/network.o
 .data.conv2d_13_output_array
                0x2000007c       0x10 ./X-CUBE-AI/App/network.o
 .data.nl_13_nl_output_array
                0x2000008c       0x10 ./X-CUBE-AI/App/network.o
 .data.pool_16_output_array
                0x2000009c       0x10 ./X-CUBE-AI/App/network.o
 .data.tile_19_output_array
                0x200000ac       0x10 ./X-CUBE-AI/App/network.o
 .data.conv2d_25_output_array
                0x200000bc       0x10 ./X-CUBE-AI/App/network.o
 .data.nl_25_nl_output_array
                0x200000cc       0x10 ./X-CUBE-AI/App/network.o
 .data.tile_28_output_array
                0x200000dc       0x10 ./X-CUBE-AI/App/network.o
 .data.conv2d_34_output_array
                0x200000ec       0x10 ./X-CUBE-AI/App/network.o
 .data.nl_34_nl_output_array
                0x200000fc       0x10 ./X-CUBE-AI/App/network.o
 .data.tile_37_output_array
                0x2000010c       0x10 ./X-CUBE-AI/App/network.o
 .data.conv2d_43_output_array
                0x2000011c       0x10 ./X-CUBE-AI/App/network.o
 .data.conv2d_1_weights_array
                0x2000012c       0x10 ./X-CUBE-AI/App/network.o
 .data.conv2d_1_bias_array
                0x2000013c       0x10 ./X-CUBE-AI/App/network.o
 .data.conv2d_7_weights_array
                0x2000014c       0x10 ./X-CUBE-AI/App/network.o
 .data.conv2d_7_bias_array
                0x2000015c       0x10 ./X-CUBE-AI/App/network.o
 .data.conv2d_13_weights_array
                0x2000016c       0x10 ./X-CUBE-AI/App/network.o
 .data.conv2d_13_bias_array
                0x2000017c       0x10 ./X-CUBE-AI/App/network.o
 .data.conv2d_25_weights_array
                0x2000018c       0x10 ./X-CUBE-AI/App/network.o
 .data.conv2d_25_bias_array
                0x2000019c       0x10 ./X-CUBE-AI/App/network.o
 .data.conv2d_34_weights_array
                0x200001ac       0x10 ./X-CUBE-AI/App/network.o
 .data.conv2d_34_bias_array
                0x200001bc       0x10 ./X-CUBE-AI/App/network.o
 .data.conv2d_43_weights_array
                0x200001cc       0x10 ./X-CUBE-AI/App/network.o
 .data.conv2d_43_bias_array
                0x200001dc       0x10 ./X-CUBE-AI/App/network.o
 .data.conv2d_1_scratch0_array
                0x200001ec       0x10 ./X-CUBE-AI/App/network.o
 .data.conv2d_7_scratch0_array
                0x200001fc       0x10 ./X-CUBE-AI/App/network.o
 .data.conv2d_13_scratch0_array
                0x2000020c       0x10 ./X-CUBE-AI/App/network.o
 .data.conv2d_25_scratch0_array
                0x2000021c       0x10 ./X-CUBE-AI/App/network.o
 .data.conv2d_34_scratch0_array
                0x2000022c       0x10 ./X-CUBE-AI/App/network.o
 .data.conv2d_43_scratch0_array
                0x2000023c       0x10 ./X-CUBE-AI/App/network.o
 .data.__compound_literal.0
                0x2000024c       0x10 ./X-CUBE-AI/App/network.o
 .data.__compound_literal.1
                0x2000025c       0x10 ./X-CUBE-AI/App/network.o
 .data.conv2d_13_bias
                0x2000026c       0x1c ./X-CUBE-AI/App/network.o
 .data.__compound_literal.2
                0x20000288       0x10 ./X-CUBE-AI/App/network.o
 .data.__compound_literal.3
                0x20000298       0x10 ./X-CUBE-AI/App/network.o
 .data.conv2d_13_output
                0x200002a8       0x1c ./X-CUBE-AI/App/network.o
 .data.__compound_literal.4
                0x200002c4       0x10 ./X-CUBE-AI/App/network.o
 .data.__compound_literal.5
                0x200002d4       0x10 ./X-CUBE-AI/App/network.o
 .data.conv2d_13_scratch0
                0x200002e4       0x1c ./X-CUBE-AI/App/network.o
 .data.__compound_literal.6
                0x20000300       0x10 ./X-CUBE-AI/App/network.o
 .data.__compound_literal.7
                0x20000310       0x10 ./X-CUBE-AI/App/network.o
 .data.conv2d_13_weights
                0x20000320       0x1c ./X-CUBE-AI/App/network.o
 .data.__compound_literal.8
                0x2000033c       0x10 ./X-CUBE-AI/App/network.o
 .data.__compound_literal.9
                0x2000034c       0x10 ./X-CUBE-AI/App/network.o
 .data.conv2d_1_bias
                0x2000035c       0x1c ./X-CUBE-AI/App/network.o
 .data.__compound_literal.10
                0x20000378       0x10 ./X-CUBE-AI/App/network.o
 .data.__compound_literal.11
                0x20000388       0x10 ./X-CUBE-AI/App/network.o
 .data.conv2d_1_output
                0x20000398       0x1c ./X-CUBE-AI/App/network.o
 .data.__compound_literal.12
                0x200003b4       0x10 ./X-CUBE-AI/App/network.o
 .data.__compound_literal.13
                0x200003c4       0x10 ./X-CUBE-AI/App/network.o
 .data.conv2d_1_scratch0
                0x200003d4       0x1c ./X-CUBE-AI/App/network.o
 .data.__compound_literal.14
                0x200003f0       0x10 ./X-CUBE-AI/App/network.o
 .data.__compound_literal.15
                0x20000400       0x10 ./X-CUBE-AI/App/network.o
 .data.conv2d_1_weights
                0x20000410       0x1c ./X-CUBE-AI/App/network.o
 .data.__compound_literal.16
                0x2000042c       0x10 ./X-CUBE-AI/App/network.o
 .data.__compound_literal.17
                0x2000043c       0x10 ./X-CUBE-AI/App/network.o
 .data.conv2d_25_bias
                0x2000044c       0x1c ./X-CUBE-AI/App/network.o
 .data.__compound_literal.18
                0x20000468       0x10 ./X-CUBE-AI/App/network.o
 .data.__compound_literal.19
                0x20000478       0x10 ./X-CUBE-AI/App/network.o
 .data.conv2d_25_output
                0x20000488       0x1c ./X-CUBE-AI/App/network.o
 .data.__compound_literal.20
                0x200004a4       0x10 ./X-CUBE-AI/App/network.o
 .data.__compound_literal.21
                0x200004b4       0x10 ./X-CUBE-AI/App/network.o
 .data.conv2d_25_scratch0
                0x200004c4       0x1c ./X-CUBE-AI/App/network.o
 .data.__compound_literal.22
                0x200004e0       0x10 ./X-CUBE-AI/App/network.o
 .data.__compound_literal.23
                0x200004f0       0x10 ./X-CUBE-AI/App/network.o
 .data.conv2d_25_weights
                0x20000500       0x1c ./X-CUBE-AI/App/network.o
 .data.__compound_literal.24
                0x2000051c       0x10 ./X-CUBE-AI/App/network.o
 .data.__compound_literal.25
                0x2000052c       0x10 ./X-CUBE-AI/App/network.o
 .data.conv2d_34_bias
                0x2000053c       0x1c ./X-CUBE-AI/App/network.o
 .data.__compound_literal.26
                0x20000558       0x10 ./X-CUBE-AI/App/network.o
 .data.__compound_literal.27
                0x20000568       0x10 ./X-CUBE-AI/App/network.o
 .data.conv2d_34_output
                0x20000578       0x1c ./X-CUBE-AI/App/network.o
 .data.__compound_literal.28
                0x20000594       0x10 ./X-CUBE-AI/App/network.o
 .data.__compound_literal.29
                0x200005a4       0x10 ./X-CUBE-AI/App/network.o
 .data.conv2d_34_scratch0
                0x200005b4       0x1c ./X-CUBE-AI/App/network.o
 .data.__compound_literal.30
                0x200005d0       0x10 ./X-CUBE-AI/App/network.o
 .data.__compound_literal.31
                0x200005e0       0x10 ./X-CUBE-AI/App/network.o
 .data.conv2d_34_weights
                0x200005f0       0x1c ./X-CUBE-AI/App/network.o
 .data.__compound_literal.32
                0x2000060c       0x10 ./X-CUBE-AI/App/network.o
 .data.__compound_literal.33
                0x2000061c       0x10 ./X-CUBE-AI/App/network.o
 .data.conv2d_43_bias
                0x2000062c       0x1c ./X-CUBE-AI/App/network.o
 .data.__compound_literal.34
                0x20000648       0x10 ./X-CUBE-AI/App/network.o
 .data.__compound_literal.35
                0x20000658       0x10 ./X-CUBE-AI/App/network.o
 .data.conv2d_43_output
                0x20000668       0x1c ./X-CUBE-AI/App/network.o
 .data.__compound_literal.36
                0x20000684       0x10 ./X-CUBE-AI/App/network.o
 .data.__compound_literal.37
                0x20000694       0x10 ./X-CUBE-AI/App/network.o
 .data.conv2d_43_scratch0
                0x200006a4       0x1c ./X-CUBE-AI/App/network.o
 .data.__compound_literal.38
                0x200006c0       0x10 ./X-CUBE-AI/App/network.o
 .data.__compound_literal.39
                0x200006d0       0x10 ./X-CUBE-AI/App/network.o
 .data.conv2d_43_weights
                0x200006e0       0x1c ./X-CUBE-AI/App/network.o
 .data.__compound_literal.40
                0x200006fc       0x10 ./X-CUBE-AI/App/network.o
 .data.__compound_literal.41
                0x2000070c       0x10 ./X-CUBE-AI/App/network.o
 .data.conv2d_7_bias
                0x2000071c       0x1c ./X-CUBE-AI/App/network.o
 .data.__compound_literal.42
                0x20000738       0x10 ./X-CUBE-AI/App/network.o
 .data.__compound_literal.43
                0x20000748       0x10 ./X-CUBE-AI/App/network.o
 .data.conv2d_7_output
                0x20000758       0x1c ./X-CUBE-AI/App/network.o
 .data.__compound_literal.44
                0x20000774       0x10 ./X-CUBE-AI/App/network.o
 .data.__compound_literal.45
                0x20000784       0x10 ./X-CUBE-AI/App/network.o
 .data.conv2d_7_scratch0
                0x20000794       0x1c ./X-CUBE-AI/App/network.o
 .data.__compound_literal.46
                0x200007b0       0x10 ./X-CUBE-AI/App/network.o
 .data.__compound_literal.47
                0x200007c0       0x10 ./X-CUBE-AI/App/network.o
 .data.conv2d_7_weights
                0x200007d0       0x1c ./X-CUBE-AI/App/network.o
 .data.__compound_literal.48
                0x200007ec       0x10 ./X-CUBE-AI/App/network.o
 .data.__compound_literal.49
                0x200007fc       0x10 ./X-CUBE-AI/App/network.o
 .data.nl_13_nl_output
                0x2000080c       0x1c ./X-CUBE-AI/App/network.o
 .data.__compound_literal.50
                0x20000828       0x10 ./X-CUBE-AI/App/network.o
 .data.__compound_literal.51
                0x20000838       0x10 ./X-CUBE-AI/App/network.o
 .data.nl_1_nl_output
                0x20000848       0x1c ./X-CUBE-AI/App/network.o
 .data.__compound_literal.52
                0x20000864       0x10 ./X-CUBE-AI/App/network.o
 .data.__compound_literal.53
                0x20000874       0x10 ./X-CUBE-AI/App/network.o
 .data.nl_25_nl_output
                0x20000884       0x1c ./X-CUBE-AI/App/network.o
 .data.__compound_literal.54
                0x200008a0       0x10 ./X-CUBE-AI/App/network.o
 .data.__compound_literal.55
                0x200008b0       0x10 ./X-CUBE-AI/App/network.o
 .data.nl_25_nl_output0
                0x200008c0       0x1c ./X-CUBE-AI/App/network.o
 .data.__compound_literal.56
                0x200008dc       0x10 ./X-CUBE-AI/App/network.o
 .data.__compound_literal.57
                0x200008ec       0x10 ./X-CUBE-AI/App/network.o
 .data.nl_34_nl_output
                0x200008fc       0x1c ./X-CUBE-AI/App/network.o
 .data.__compound_literal.58
                0x20000918       0x10 ./X-CUBE-AI/App/network.o
 .data.__compound_literal.59
                0x20000928       0x10 ./X-CUBE-AI/App/network.o
 .data.nl_34_nl_output0
                0x20000938       0x1c ./X-CUBE-AI/App/network.o
 .data.__compound_literal.60
                0x20000954       0x10 ./X-CUBE-AI/App/network.o
 .data.__compound_literal.61
                0x20000964       0x10 ./X-CUBE-AI/App/network.o
 .data.nl_7_nl_output
                0x20000974       0x1c ./X-CUBE-AI/App/network.o
 .data.__compound_literal.62
                0x20000990       0x10 ./X-CUBE-AI/App/network.o
 .data.__compound_literal.63
                0x200009a0       0x10 ./X-CUBE-AI/App/network.o
 .data.pool_10_output
                0x200009b0       0x1c ./X-CUBE-AI/App/network.o
 .data.__compound_literal.64
                0x200009cc       0x10 ./X-CUBE-AI/App/network.o
 .data.__compound_literal.65
                0x200009dc       0x10 ./X-CUBE-AI/App/network.o
 .data.pool_16_output
                0x200009ec       0x1c ./X-CUBE-AI/App/network.o
 .data.__compound_literal.66
                0x20000a08       0x10 ./X-CUBE-AI/App/network.o
 .data.__compound_literal.67
                0x20000a18       0x10 ./X-CUBE-AI/App/network.o
 .data.pool_16_output0
                0x20000a28       0x1c ./X-CUBE-AI/App/network.o
 .data.__compound_literal.68
                0x20000a44       0x10 ./X-CUBE-AI/App/network.o
 .data.__compound_literal.69
                0x20000a54       0x10 ./X-CUBE-AI/App/network.o
 .data.pool_4_output
                0x20000a64       0x1c ./X-CUBE-AI/App/network.o
 .data.__compound_literal.70
                0x20000a80       0x10 ./X-CUBE-AI/App/network.o
 .data.__compound_literal.71
                0x20000a90       0x10 ./X-CUBE-AI/App/network.o
 .data.serving_default_keras_tensor_650_output
                0x20000aa0       0x1c ./X-CUBE-AI/App/network.o
 .data.__compound_literal.72
                0x20000abc       0x10 ./X-CUBE-AI/App/network.o
 .data.__compound_literal.73
                0x20000acc       0x10 ./X-CUBE-AI/App/network.o
 .data.serving_default_keras_tensor_650_output0
                0x20000adc       0x1c ./X-CUBE-AI/App/network.o
 .data.__compound_literal.74
                0x20000af8       0x10 ./X-CUBE-AI/App/network.o
 .data.__compound_literal.75
                0x20000b08       0x10 ./X-CUBE-AI/App/network.o
 .data.tile_19_output
                0x20000b18       0x1c ./X-CUBE-AI/App/network.o
 .data.__compound_literal.76
                0x20000b34       0x10 ./X-CUBE-AI/App/network.o
 .data.__compound_literal.77
                0x20000b44       0x10 ./X-CUBE-AI/App/network.o
 .data.tile_19_output0
                0x20000b54       0x1c ./X-CUBE-AI/App/network.o
 .data.__compound_literal.78
                0x20000b70       0x10 ./X-CUBE-AI/App/network.o
 .data.__compound_literal.79
                0x20000b80       0x10 ./X-CUBE-AI/App/network.o
 .data.tile_28_output
                0x20000b90       0x1c ./X-CUBE-AI/App/network.o
 .data.__compound_literal.80
                0x20000bac       0x10 ./X-CUBE-AI/App/network.o
 .data.__compound_literal.81
                0x20000bbc       0x10 ./X-CUBE-AI/App/network.o
 .data.tile_28_output0
                0x20000bcc       0x1c ./X-CUBE-AI/App/network.o
 .data.__compound_literal.82
                0x20000be8       0x10 ./X-CUBE-AI/App/network.o
 .data.__compound_literal.83
                0x20000bf8       0x10 ./X-CUBE-AI/App/network.o
 .data.tile_37_output
                0x20000c08       0x1c ./X-CUBE-AI/App/network.o
 .data.__compound_literal.84
                0x20000c24       0x10 ./X-CUBE-AI/App/network.o
 .data.__compound_literal.85
                0x20000c34       0x10 ./X-CUBE-AI/App/network.o
 .data.tile_37_output0
                0x20000c44       0x1c ./X-CUBE-AI/App/network.o
 .data.__compound_literal.86
                0x20000c60        0x4 ./X-CUBE-AI/App/network.o
 .data.__compound_literal.87
                0x20000c64        0x4 ./X-CUBE-AI/App/network.o
 .data.__compound_literal.88
                0x20000c68        0xc ./X-CUBE-AI/App/network.o
 .data.__compound_literal.89
                0x20000c74        0x8 ./X-CUBE-AI/App/network.o
 .data.__compound_literal.90
                0x20000c7c       0x30 ./X-CUBE-AI/App/network.o
 .data.__compound_literal.91
                0x20000cac       0x10 ./X-CUBE-AI/App/network.o
 .data.conv2d_43_layer
                0x20000cbc       0x44 ./X-CUBE-AI/App/network.o
 .data.__compound_literal.92
                0x20000d00        0x4 ./X-CUBE-AI/App/network.o
 .data.__compound_literal.93
                0x20000d04        0x4 ./X-CUBE-AI/App/network.o
 .data.__compound_literal.96
                0x20000d08       0x30 ./X-CUBE-AI/App/network.o
 .data.tile_37_layer
                0x20000d38       0x20 ./X-CUBE-AI/App/network.o
 .data.__compound_literal.97
                0x20000d58        0x4 ./X-CUBE-AI/App/network.o
 .data.__compound_literal.98
                0x20000d5c        0x4 ./X-CUBE-AI/App/network.o
 .data.__compound_literal.101
                0x20000d60       0x30 ./X-CUBE-AI/App/network.o
 .data.nl_34_nl_layer
                0x20000d90       0x20 ./X-CUBE-AI/App/network.o
 .data.__compound_literal.102
                0x20000db0        0x4 ./X-CUBE-AI/App/network.o
 .data.__compound_literal.103
                0x20000db4        0x4 ./X-CUBE-AI/App/network.o
 .data.__compound_literal.104
                0x20000db8        0xc ./X-CUBE-AI/App/network.o
 .data.__compound_literal.105
                0x20000dc4        0x8 ./X-CUBE-AI/App/network.o
 .data.__compound_literal.106
                0x20000dcc       0x30 ./X-CUBE-AI/App/network.o
 .data.__compound_literal.107
                0x20000dfc       0x10 ./X-CUBE-AI/App/network.o
 .data.conv2d_34_layer
                0x20000e0c       0x44 ./X-CUBE-AI/App/network.o
 .data.__compound_literal.108
                0x20000e50        0x4 ./X-CUBE-AI/App/network.o
 .data.__compound_literal.109
                0x20000e54        0x4 ./X-CUBE-AI/App/network.o
 .data.__compound_literal.112
                0x20000e58       0x30 ./X-CUBE-AI/App/network.o
 .data.tile_28_layer
                0x20000e88       0x20 ./X-CUBE-AI/App/network.o
 .data.__compound_literal.113
                0x20000ea8        0x4 ./X-CUBE-AI/App/network.o
 .data.__compound_literal.114
                0x20000eac        0x4 ./X-CUBE-AI/App/network.o
 .data.__compound_literal.117
                0x20000eb0       0x30 ./X-CUBE-AI/App/network.o
 .data.nl_25_nl_layer
                0x20000ee0       0x20 ./X-CUBE-AI/App/network.o
 .data.__compound_literal.118
                0x20000f00        0x4 ./X-CUBE-AI/App/network.o
 .data.__compound_literal.119
                0x20000f04        0x4 ./X-CUBE-AI/App/network.o
 .data.__compound_literal.120
                0x20000f08        0xc ./X-CUBE-AI/App/network.o
 .data.__compound_literal.121
                0x20000f14        0x8 ./X-CUBE-AI/App/network.o
 .data.__compound_literal.122
                0x20000f1c       0x30 ./X-CUBE-AI/App/network.o
 .data.__compound_literal.123
                0x20000f4c       0x10 ./X-CUBE-AI/App/network.o
 .data.conv2d_25_layer
                0x20000f5c       0x44 ./X-CUBE-AI/App/network.o
 .data.__compound_literal.124
                0x20000fa0        0x4 ./X-CUBE-AI/App/network.o
 .data.__compound_literal.125
                0x20000fa4        0x4 ./X-CUBE-AI/App/network.o
 .data.__compound_literal.128
                0x20000fa8       0x30 ./X-CUBE-AI/App/network.o
 .data.tile_19_layer
                0x20000fd8       0x20 ./X-CUBE-AI/App/network.o
 .data.__compound_literal.129
                0x20000ff8        0x4 ./X-CUBE-AI/App/network.o
 .data.__compound_literal.130
                0x20000ffc        0x4 ./X-CUBE-AI/App/network.o
 .data.__compound_literal.133
                0x20001000       0x30 ./X-CUBE-AI/App/network.o
 .data.pool_16_layer
                0x20001030       0x38 ./X-CUBE-AI/App/network.o
 .data.__compound_literal.135
                0x20001068        0x4 ./X-CUBE-AI/App/network.o
 .data.__compound_literal.136
                0x2000106c        0x4 ./X-CUBE-AI/App/network.o
 .data.__compound_literal.139
                0x20001070       0x30 ./X-CUBE-AI/App/network.o
 .data.nl_13_nl_layer
                0x200010a0       0x20 ./X-CUBE-AI/App/network.o
 .data.__compound_literal.140
                0x200010c0        0x4 ./X-CUBE-AI/App/network.o
 .data.__compound_literal.141
                0x200010c4        0x4 ./X-CUBE-AI/App/network.o
 .data.__compound_literal.142
                0x200010c8        0xc ./X-CUBE-AI/App/network.o
 .data.__compound_literal.143
                0x200010d4        0x8 ./X-CUBE-AI/App/network.o
 .data.__compound_literal.144
                0x200010dc       0x30 ./X-CUBE-AI/App/network.o
 .data.__compound_literal.145
                0x2000110c       0x10 ./X-CUBE-AI/App/network.o
 .data.conv2d_13_layer
                0x2000111c       0x44 ./X-CUBE-AI/App/network.o
 .data.__compound_literal.146
                0x20001160        0x4 ./X-CUBE-AI/App/network.o
 .data.__compound_literal.147
                0x20001164        0x4 ./X-CUBE-AI/App/network.o
 .data.__compound_literal.150
                0x20001168       0x30 ./X-CUBE-AI/App/network.o
 .data.pool_10_layer
                0x20001198       0x38 ./X-CUBE-AI/App/network.o
 .data.__compound_literal.152
                0x200011d0        0x4 ./X-CUBE-AI/App/network.o
 .data.__compound_literal.153
                0x200011d4        0x4 ./X-CUBE-AI/App/network.o
 .data.__compound_literal.156
                0x200011d8       0x30 ./X-CUBE-AI/App/network.o
 .data.nl_7_nl_layer
                0x20001208       0x20 ./X-CUBE-AI/App/network.o
 .data.__compound_literal.157
                0x20001228        0x4 ./X-CUBE-AI/App/network.o
 .data.__compound_literal.158
                0x2000122c        0x4 ./X-CUBE-AI/App/network.o
 .data.__compound_literal.159
                0x20001230        0xc ./X-CUBE-AI/App/network.o
 .data.__compound_literal.160
                0x2000123c        0x8 ./X-CUBE-AI/App/network.o
 .data.__compound_literal.161
                0x20001244       0x30 ./X-CUBE-AI/App/network.o
 .data.__compound_literal.162
                0x20001274       0x10 ./X-CUBE-AI/App/network.o
 .data.conv2d_7_layer
                0x20001284       0x44 ./X-CUBE-AI/App/network.o
 .data.__compound_literal.163
                0x200012c8        0x4 ./X-CUBE-AI/App/network.o
 .data.__compound_literal.164
                0x200012cc        0x4 ./X-CUBE-AI/App/network.o
 .data.__compound_literal.167
                0x200012d0       0x30 ./X-CUBE-AI/App/network.o
 .data.pool_4_layer
                0x20001300       0x38 ./X-CUBE-AI/App/network.o
 .data.__compound_literal.169
                0x20001338        0x4 ./X-CUBE-AI/App/network.o
 .data.__compound_literal.170
                0x2000133c        0x4 ./X-CUBE-AI/App/network.o
 .data.__compound_literal.173
                0x20001340       0x30 ./X-CUBE-AI/App/network.o
 .data.nl_1_nl_layer
                0x20001370       0x20 ./X-CUBE-AI/App/network.o
 .data.__compound_literal.174
                0x20001390        0x4 ./X-CUBE-AI/App/network.o
 .data.__compound_literal.175
                0x20001394        0x4 ./X-CUBE-AI/App/network.o
 .data.__compound_literal.176
                0x20001398        0xc ./X-CUBE-AI/App/network.o
 .data.__compound_literal.177
                0x200013a4        0x8 ./X-CUBE-AI/App/network.o
 .data.__compound_literal.178
                0x200013ac       0x30 ./X-CUBE-AI/App/network.o
 .data.__compound_literal.179
                0x200013dc       0x10 ./X-CUBE-AI/App/network.o
 .data.conv2d_1_layer
                0x200013ec       0x44 ./X-CUBE-AI/App/network.o
 .data.__compound_literal.180
                0x20001430       0x10 ./X-CUBE-AI/App/network.o
 .data.__compound_literal.181
                0x20001440       0x1c ./X-CUBE-AI/App/network.o
 .data.__compound_literal.182
                0x2000145c       0x10 ./X-CUBE-AI/App/network.o
 .data.__compound_literal.183
                0x2000146c       0x1c ./X-CUBE-AI/App/network.o
 .data.__compound_literal.184
                0x20001488        0x4 ./X-CUBE-AI/App/network.o
 .data.__compound_literal.188
                0x2000148c        0xc ./X-CUBE-AI/App/network.o
 .data.__compound_literal.189
                0x20001498        0x4 ./X-CUBE-AI/App/network.o
 .data.__compound_literal.193
                0x2000149c        0xc ./X-CUBE-AI/App/network.o
 .data.__compound_literal.194
                0x200014a8       0x18 ./X-CUBE-AI/App/network.o
 .data.g_network
                0x200014c0       0x4c ./X-CUBE-AI/App/network.o
 .data.__compound_literal.0
                0x2000150c       0x10 ./X-CUBE-AI/App/network_data.o
 .data.g_network_data_map_activations
                0x2000151c       0x1c ./X-CUBE-AI/App/network_data.o
                0x2000151c                g_network_data_map_activations
 .data.__compound_literal.1
                0x20001538       0x10 ./X-CUBE-AI/App/network_data.o
 .data.g_network_data_map_weights
                0x20001548       0x1c ./X-CUBE-AI/App/network_data.o
                0x20001548                g_network_data_map_weights
 .data.g_network_weights_table
                0x20001564        0xc ./X-CUBE-AI/App/network_data_params.o
                0x20001564                g_network_weights_table
 *(.RamFunc)
 *(.RamFunc*)
                0x20001570                        . = ALIGN (0x4)
                0x20001570                        _edata = .
                0x08005888                        _siccmram = LOADADDR (.ccmram)

.igot.plt       0x20001570        0x0 load address 0x08005888
 .igot.plt      0x20001570        0x0 C:/ST/STM32CubeIDE_2.0.0/STM32CubeIDE/plugins/com.st.stm32cube.ide.mcu.externaltools.gnu-tools-for-stm32.13.3.rel1.win32_1.0.100.202509120712/tools/bin/../lib/gcc/arm-none-eabi/13.3.1/thumb/v7e-m+fp/hard/crtbegin.o

.ccmram         0x10000000        0x0 load address 0x08005888
                0x10000000                        . = ALIGN (0x4)
                0x10000000                        _sccmram = .
 *(.ccmram)
 *(.ccmram*)
                0x10000000                        . = ALIGN (0x4)
                0x10000000                        _eccmram = .
                0x10000000                        . = ALIGN (0x4)

.bss            0x20001580      0x334
                0x20001580                        _sbss = .
                0x20001580                        __bss_start__ = _sbss
 *(.bss)
 .bss           0x20001580       0x1c C:/ST/STM32CubeIDE_2.0.0/STM32CubeIDE/plugins/com.st.stm32cube.ide.mcu.externaltools.gnu-tools-for-stm32.13.3.rel1.win32_1.0.100.202509120712/tools/bin/../lib/gcc/arm-none-eabi/13.3.1/thumb/v7e-m+fp/hard/crtbegin.o
 *(.bss*)
 .bss.network_handle
                0x2000159c        0x4 ./Core/Src/main.o
 .bss.prediction
                0x200015a0        0x4 ./Core/Src/main.o
                0x200015a0                prediction
 *fill*         0x200015a4       0x1c 
 .bss.activations
                0x200015c0      0x148 ./Core/Src/main.o
 *fill*         0x20001708       0x18 
 .bss.in_data   0x20001720       0x40 ./Core/Src/main.o
 .bss.out_data  0x20001760       0x40 ./Core/Src/main.o
 .bss.ai_input  0x200017a0        0x4 ./Core/Src/main.o
 .bss.ai_output
                0x200017a4        0x4 ./Core/Src/main.o
 .bss.start_cycles
                0x200017a8        0x4 ./Core/Src/main.o
                0x200017a8                start_cycles
 .bss.stop_cycles
                0x200017ac        0x4 ./Core/Src/main.o
                0x200017ac                stop_cycles
 .bss.total_inference_cycles
                0x200017b0        0x4 ./Core/Src/main.o
                0x200017b0                total_inference_cycles
 .bss.execution_time_ms
                0x200017b4        0x4 ./Core/Src/main.o
                0x200017b4                execution_time_ms
 .bss.uwTick    0x200017b8        0x4 ./Drivers/STM32F3xx_HAL_Driver/Src/stm32f3xx_hal.o
                0x200017b8                uwTick
 .bss.g_network_activations_map
                0x200017bc        0x4 ./X-CUBE-AI/App/network.o
 .bss.g_network_weights_map
                0x200017c0        0x4 ./X-CUBE-AI/App/network.o
 .bss.__compound_literal.94
                0x200017c4        0x4 ./X-CUBE-AI/App/network.o
 .bss.__compound_literal.95
                0x200017c8        0x4 ./X-CUBE-AI/App/network.o
 .bss.__compound_literal.99
                0x200017cc        0x4 ./X-CUBE-AI/App/network.o
 .bss.__compound_literal.100
                0x200017d0        0x4 ./X-CUBE-AI/App/network.o
 .bss.__compound_literal.110
                0x200017d4        0x4 ./X-CUBE-AI/App/network.o
 .bss.__compound_literal.111
                0x200017d8        0x4 ./X-CUBE-AI/App/network.o
 .bss.__compound_literal.115
                0x200017dc        0x4 ./X-CUBE-AI/App/network.o
 .bss.__compound_literal.116
                0x200017e0        0x4 ./X-CUBE-AI/App/network.o
 .bss.__compound_literal.126
                0x200017e4        0x4 ./X-CUBE-AI/App/network.o
 .bss.__compound_literal.127
                0x200017e8        0x4 ./X-CUBE-AI/App/network.o
 .bss.__compound_literal.131
                0x200017ec        0x4 ./X-CUBE-AI/App/network.o
 .bss.__compound_literal.132
                0x200017f0        0x4 ./X-CUBE-AI/App/network.o
 .bss.__compound_literal.134
                0x200017f4       0x10 ./X-CUBE-AI/App/network.o
 .bss.__compound_literal.137
                0x20001804        0x4 ./X-CUBE-AI/App/network.o
 .bss.__compound_literal.138
                0x20001808        0x4 ./X-CUBE-AI/App/network.o
 .bss.__compound_literal.148
                0x2000180c        0x4 ./X-CUBE-AI/App/network.o
 .bss.__compound_literal.149
                0x20001810        0x4 ./X-CUBE-AI/App/network.o
 .bss.__compound_literal.151
                0x20001814       0x10 ./X-CUBE-AI/App/network.o
 .bss.__compound_literal.154
                0x20001824        0x4 ./X-CUBE-AI/App/network.o
 .bss.__compound_literal.155
                0x20001828        0x4 ./X-CUBE-AI/App/network.o
 .bss.__compound_literal.165
                0x2000182c        0x4 ./X-CUBE-AI/App/network.o
 .bss.__compound_literal.166
                0x20001830        0x4 ./X-CUBE-AI/App/network.o
 .bss.__compound_literal.168
                0x20001834       0x10 ./X-CUBE-AI/App/network.o
 .bss.__compound_literal.171
                0x20001844        0x4 ./X-CUBE-AI/App/network.o
 .bss.__compound_literal.172
                0x20001848        0x4 ./X-CUBE-AI/App/network.o
 .bss.__compound_literal.185
                0x2000184c       0x1c ./X-CUBE-AI/App/network.o
 .bss.__compound_literal.186
                0x20001868       0x10 ./X-CUBE-AI/App/network.o
 .bss.__compound_literal.187
                0x20001878        0x8 ./X-CUBE-AI/App/network.o
 .bss.__compound_literal.190
                0x20001880       0x1c ./X-CUBE-AI/App/network.o
 .bss.__compound_literal.191
                0x2000189c       0x10 ./X-CUBE-AI/App/network.o
 .bss.__compound_literal.192
                0x200018ac        0x8 ./X-CUBE-AI/App/network.o
 *(COMMON)
                0x200018b4                        . = ALIGN (0x4)
                0x200018b4                        _ebss = .
                0x200018b4                        __bss_end__ = _ebss

._user_heap_stack
                0x200018b4     0x1004
                0x200018b8                        . = ALIGN (0x8)
 *fill*         0x200018b4        0x4 
                [!provide]                        PROVIDE (end = .)
                0x200018b8                        PROVIDE (_end = .)
                0x200020b8                        . = (. + _Min_Heap_Size)
 *fill*         0x200018b8      0x800 
                0x200028b8                        . = (. + _Min_Stack_Size)
 *fill*         0x200020b8      0x800 
                0x200028b8                        . = ALIGN (0x8)

/DISCARD/
 libc.a(*)
 libm.a(*)
 libgcc.a(*)

.ARM.attributes
                0x00000000       0x30
 *(.ARM.attributes)
 .ARM.attributes
                0x00000000       0x22 C:/ST/STM32CubeIDE_2.0.0/STM32CubeIDE/plugins/com.st.stm32cube.ide.mcu.externaltools.gnu-tools-for-stm32.13.3.rel1.win32_1.0.100.202509120712/tools/bin/../lib/gcc/arm-none-eabi/13.3.1/thumb/v7e-m+fp/hard/crti.o
 .ARM.attributes
                0x00000022       0x34 C:/ST/STM32CubeIDE_2.0.0/STM32CubeIDE/plugins/com.st.stm32cube.ide.mcu.externaltools.gnu-tools-for-stm32.13.3.rel1.win32_1.0.100.202509120712/tools/bin/../lib/gcc/arm-none-eabi/13.3.1/thumb/v7e-m+fp/hard/crtbegin.o
 .ARM.attributes
                0x00000056       0x34 ./Core/Src/gpio.o
 .ARM.attributes
                0x0000008a       0x34 ./Core/Src/main.o
 .ARM.attributes
                0x000000be       0x34 ./Core/Src/stm32f3xx_hal_msp.o
 .ARM.attributes
                0x000000f2       0x34 ./Core/Src/stm32f3xx_it.o
 .ARM.attributes
                0x00000126       0x34 ./Core/Src/system_stm32f3xx.o
 .ARM.attributes
                0x0000015a       0x21 ./Core/Startup/startup_stm32f303k8tx.o
 .ARM.attributes
                0x0000017b       0x34 ./Drivers/STM32F3xx_HAL_Driver/Src/stm32f3xx_hal.o
 .ARM.attributes
                0x000001af       0x34 ./Drivers/STM32F3xx_HAL_Driver/Src/stm32f3xx_hal_cortex.o
 .ARM.attributes
                0x000001e3       0x34 ./Drivers/STM32F3xx_HAL_Driver/Src/stm32f3xx_hal_rcc.o
 .ARM.attributes
                0x00000217       0x34 ./X-CUBE-AI/App/network.o
 .ARM.attributes
                0x0000024b       0x34 ./X-CUBE-AI/App/network_data.o
 .ARM.attributes
                0x0000027f       0x34 ./X-CUBE-AI/App/network_data_params.o
 .ARM.attributes
                0x000002b3       0x30 ../Middlewares/ST/AI/Lib\NetworkRuntime1020_CM4_GCC.a(ai_platform.o)
 .ARM.attributes
                0x000002e3       0x30 ../Middlewares/ST/AI/Lib\NetworkRuntime1020_CM4_GCC.a(ai_platform_interface.o)
 .ARM.attributes
                0x00000313       0x30 ../Middlewares/ST/AI/Lib\NetworkRuntime1020_CM4_GCC.a(core_common.o)
 .ARM.attributes
                0x00000343       0x30 ../Middlewares/ST/AI/Lib\NetworkRuntime1020_CM4_GCC.a(layers.o)
 .ARM.attributes
                0x00000373       0x30 ../Middlewares/ST/AI/Lib\NetworkRuntime1020_CM4_GCC.a(layers_conv2d_generic_float.o)
 .ARM.attributes
                0x000003a3       0x30 ../Middlewares/ST/AI/Lib\NetworkRuntime1020_CM4_GCC.a(layers_generic_float.o)
 .ARM.attributes
                0x000003d3       0x30 ../Middlewares/ST/AI/Lib\NetworkRuntime1020_CM4_GCC.a(layers_nl_generic_float.o)
 .ARM.attributes
                0x00000403       0x30 ../Middlewares/ST/AI/Lib\NetworkRuntime1020_CM4_GCC.a(layers_pool_generic_float.o)
 .ARM.attributes
                0x00000433       0x30 ../Middlewares/ST/AI/Lib\NetworkRuntime1020_CM4_GCC.a(forward_lite_conv2d_if32of32wf32.o)
 .ARM.attributes
                0x00000463       0x30 ../Middlewares/ST/AI/Lib\NetworkRuntime1020_CM4_GCC.a(lite_nl_relu_if32of32.o)
 .ARM.attributes
                0x00000493       0x30 ../Middlewares/ST/AI/Lib\NetworkRuntime1020_CM4_GCC.a(lite_dense_if32.o)
 .ARM.attributes
                0x000004c3       0x30 ../Middlewares/ST/AI/Lib\NetworkRuntime1020_CM4_GCC.a(st_int8_fill.o)
 .ARM.attributes
                0x000004f3       0x30 ../Middlewares/ST/AI/Lib\NetworkRuntime1020_CM4_GCC.a(ai_datatypes_format.o)
 .ARM.attributes
                0x00000523       0x30 ../Middlewares/ST/AI/Lib\NetworkRuntime1020_CM4_GCC.a(ai_datatypes_internal.o)
 .ARM.attributes
                0x00000553       0x34 C:/ST/STM32CubeIDE_2.0.0/STM32CubeIDE/plugins/com.st.stm32cube.ide.mcu.externaltools.gnu-tools-for-stm32.13.3.rel1.win32_1.0.100.202509120712/tools/bin/../lib/gcc/arm-none-eabi/13.3.1/../../../../arm-none-eabi/lib/thumb/v7e-m+fp/hard\libc_nano.a(libc_a-memset.o)
 .ARM.attributes
                0x00000587       0x34 C:/ST/STM32CubeIDE_2.0.0/STM32CubeIDE/plugins/com.st.stm32cube.ide.mcu.externaltools.gnu-tools-for-stm32.13.3.rel1.win32_1.0.100.202509120712/tools/bin/../lib/gcc/arm-none-eabi/13.3.1/../../../../arm-none-eabi/lib/thumb/v7e-m+fp/hard\libc_nano.a(libc_a-init.o)
 .ARM.attributes
                0x000005bb       0x22 C:/ST/STM32CubeIDE_2.0.0/STM32CubeIDE/plugins/com.st.stm32cube.ide.mcu.externaltools.gnu-tools-for-stm32.13.3.rel1.win32_1.0.100.202509120712/tools/bin/../lib/gcc/arm-none-eabi/13.3.1/thumb/v7e-m+fp/hard/crtn.o
OUTPUT(AITest.elf elf32-littlearm)
LOAD linker stubs
LOAD C:/ST/STM32CubeIDE_2.0.0/STM32CubeIDE/plugins/com.st.stm32cube.ide.mcu.externaltools.gnu-tools-for-stm32.13.3.rel1.win32_1.0.100.202509120712/tools/bin/../lib/gcc/arm-none-eabi/13.3.1/../../../../arm-none-eabi/lib/thumb/v7e-m+fp/hard\libc.a
LOAD C:/ST/STM32CubeIDE_2.0.0/STM32CubeIDE/plugins/com.st.stm32cube.ide.mcu.externaltools.gnu-tools-for-stm32.13.3.rel1.win32_1.0.100.202509120712/tools/bin/../lib/gcc/arm-none-eabi/13.3.1/../../../../arm-none-eabi/lib/thumb/v7e-m+fp/hard\libm.a
LOAD C:/ST/STM32CubeIDE_2.0.0/STM32CubeIDE/plugins/com.st.stm32cube.ide.mcu.externaltools.gnu-tools-for-stm32.13.3.rel1.win32_1.0.100.202509120712/tools/bin/../lib/gcc/arm-none-eabi/13.3.1/thumb/v7e-m+fp/hard\libgcc.a

.debug_info     0x00000000     0x6393
 .debug_info    0x00000000      0x18d ./Core/Src/gpio.o
 .debug_info    0x0000018d      0xb3a ./Core/Src/main.o
 .debug_info    0x00000cc7      0x18d ./Core/Src/stm32f3xx_hal_msp.o
 .debug_info    0x00000e54      0x113 ./Core/Src/stm32f3xx_it.o
 .debug_info    0x00000f67      0x407 ./Core/Src/system_stm32f3xx.o
 .debug_info    0x0000136e       0x30 ./Core/Startup/startup_stm32f303k8tx.o
 .debug_info    0x0000139e      0x74a ./Drivers/STM32F3xx_HAL_Driver/Src/stm32f3xx_hal.o
 .debug_info    0x00001ae8      0xa87 ./Drivers/STM32F3xx_HAL_Driver/Src/stm32f3xx_hal_cortex.o
 .debug_info    0x0000256f     0x148a ./Drivers/STM32F3xx_HAL_Driver/Src/stm32f3xx_hal_rcc.o
 .debug_info    0x000039f9     0x224f ./X-CUBE-AI/App/network.o
 .debug_info    0x00005c48      0x600 ./X-CUBE-AI/App/network_data.o
 .debug_info    0x00006248      0x14b ./X-CUBE-AI/App/network_data_params.o

.debug_abbrev   0x00000000     0x1443
 .debug_abbrev  0x00000000       0xc6 ./Core/Src/gpio.o
 .debug_abbrev  0x000000c6      0x2de ./Core/Src/main.o
 .debug_abbrev  0x000003a4       0xc6 ./Core/Src/stm32f3xx_hal_msp.o
 .debug_abbrev  0x0000046a       0x73 ./Core/Src/stm32f3xx_it.o
 .debug_abbrev  0x000004dd      0x11a ./Core/Src/system_stm32f3xx.o
 .debug_abbrev  0x000005f7       0x24 ./Core/Startup/startup_stm32f303k8tx.o
 .debug_abbrev  0x0000061b      0x215 ./Drivers/STM32F3xx_HAL_Driver/Src/stm32f3xx_hal.o
 .debug_abbrev  0x00000830      0x2f8 ./Drivers/STM32F3xx_HAL_Driver/Src/stm32f3xx_hal_cortex.o
 .debug_abbrev  0x00000b28      0x300 ./Drivers/STM32F3xx_HAL_Driver/Src/stm32f3xx_hal_rcc.o
 .debug_abbrev  0x00000e28      0x373 ./X-CUBE-AI/App/network.o
 .debug_abbrev  0x0000119b      0x205 ./X-CUBE-AI/App/network_data.o
 .debug_abbrev  0x000013a0       0xa3 ./X-CUBE-AI/App/network_data_params.o

.debug_aranges  0x00000000      0x468
 .debug_aranges
                0x00000000       0x20 ./Core/Src/gpio.o
 .debug_aranges
                0x00000020       0x40 ./Core/Src/main.o
 .debug_aranges
                0x00000060       0x20 ./Core/Src/stm32f3xx_hal_msp.o
 .debug_aranges
                0x00000080       0x60 ./Core/Src/stm32f3xx_it.o
 .debug_aranges
                0x000000e0       0x28 ./Core/Src/system_stm32f3xx.o
 .debug_aranges
                0x00000108       0x28 ./Core/Startup/startup_stm32f303k8tx.o
 .debug_aranges
                0x00000130       0xe0 ./Drivers/STM32F3xx_HAL_Driver/Src/stm32f3xx_hal.o
 .debug_aranges
                0x00000210      0x100 ./Drivers/STM32F3xx_HAL_Driver/Src/stm32f3xx_hal_cortex.o
 .debug_aranges
                0x00000310       0x88 ./Drivers/STM32F3xx_HAL_Driver/Src/stm32f3xx_hal_rcc.o
 .debug_aranges
                0x00000398       0x80 ./X-CUBE-AI/App/network.o
 .debug_aranges
                0x00000418       0x38 ./X-CUBE-AI/App/network_data.o
 .debug_aranges
                0x00000450       0x18 ./X-CUBE-AI/App/network_data_params.o

.debug_rnglists
                0x00000000      0x313
 .debug_rnglists
                0x00000000       0x13 ./Core/Src/gpio.o
 .debug_rnglists
                0x00000013       0x2e ./Core/Src/main.o
 .debug_rnglists
                0x00000041       0x13 ./Core/Src/stm32f3xx_hal_msp.o
 .debug_rnglists
                0x00000054       0x43 ./Core/Src/stm32f3xx_it.o
 .debug_rnglists
                0x00000097       0x1a ./Core/Src/system_stm32f3xx.o
 .debug_rnglists
                0x000000b1       0x19 ./Core/Startup/startup_stm32f303k8tx.o
 .debug_rnglists
                0x000000ca       0xa3 ./Drivers/STM32F3xx_HAL_Driver/Src/stm32f3xx_hal.o
 .debug_rnglists
                0x0000016d       0xbb ./Drivers/STM32F3xx_HAL_Driver/Src/stm32f3xx_hal_cortex.o
 .debug_rnglists
                0x00000228       0x66 ./Drivers/STM32F3xx_HAL_Driver/Src/stm32f3xx_hal_rcc.o
 .debug_rnglists
                0x0000028e       0x60 ./X-CUBE-AI/App/network.o
 .debug_rnglists
                0x000002ee       0x25 ./X-CUBE-AI/App/network_data.o

.debug_macro    0x00000000    0x1b80d
 .debug_macro   0x00000000      0x1ca ./Core/Src/gpio.o
 .debug_macro   0x000001ca      0xad8 ./Core/Src/gpio.o
 .debug_macro   0x00000ca2      0x158 ./Core/Src/gpio.o
 .debug_macro   0x00000dfa       0x2e ./Core/Src/gpio.o
 .debug_macro   0x00000e28       0x28 ./Core/Src/gpio.o
 .debug_macro   0x00000e50       0x22 ./Core/Src/gpio.o
 .debug_macro   0x00000e72       0x8e ./Core/Src/gpio.o
 .debug_macro   0x00000f00       0x51 ./Core/Src/gpio.o
 .debug_macro   0x00000f51      0x103 ./Core/Src/gpio.o
 .debug_macro   0x00001054       0x6a ./Core/Src/gpio.o
 .debug_macro   0x000010be      0x1df ./Core/Src/gpio.o
 .debug_macro   0x0000129d       0x1c ./Core/Src/gpio.o
 .debug_macro   0x000012b9       0x22 ./Core/Src/gpio.o
 .debug_macro   0x000012db       0xd9 ./Core/Src/gpio.o
 .debug_macro   0x000013b4      0xf07 ./Core/Src/gpio.o
 .debug_macro   0x000022bb    0x10be0 ./Core/Src/gpio.o
 .debug_macro   0x00012e9b       0x6d ./Core/Src/gpio.o
 .debug_macro   0x00012f08     0x3574 ./Core/Src/gpio.o
 .debug_macro   0x0001647c      0x190 ./Core/Src/gpio.o
 .debug_macro   0x0001660c       0x55 ./Core/Src/gpio.o
 .debug_macro   0x00016661      0x8f8 ./Core/Src/gpio.o
 .debug_macro   0x00016f59      0x304 ./Core/Src/gpio.o
 .debug_macro   0x0001725d      0x1b5 ./Core/Src/gpio.o
 .debug_macro   0x00017412      0x11b ./Core/Src/gpio.o
 .debug_macro   0x0001752d      0x1d5 ./Core/Src/gpio.o
 .debug_macro   0x00017702      0x1bc ./Core/Src/gpio.o
 .debug_macro   0x000178be       0x34 ./Core/Src/gpio.o
 .debug_macro   0x000178f2       0x3c ./Core/Src/gpio.o
 .debug_macro   0x0001792e       0x57 ./Core/Src/gpio.o
 .debug_macro   0x00017985       0xc5 ./Core/Src/gpio.o
 .debug_macro   0x00017a4a      0x19f ./Core/Src/gpio.o
 .debug_macro   0x00017be9      0x22c ./Core/Src/gpio.o
 .debug_macro   0x00017e15       0x5b ./Core/Src/gpio.o
 .debug_macro   0x00017e70       0xa5 ./Core/Src/gpio.o
 .debug_macro   0x00017f15       0x81 ./Core/Src/gpio.o
 .debug_macro   0x00017f96       0xd3 ./Core/Src/gpio.o
 .debug_macro   0x00018069      0x5ba ./Core/Src/gpio.o
 .debug_macro   0x00018623       0x44 ./Core/Src/gpio.o
 .debug_macro   0x00018667      0x285 ./Core/Src/gpio.o
 .debug_macro   0x000188ec       0x40 ./Core/Src/gpio.o
 .debug_macro   0x0001892c      0x277 ./Core/Src/main.o
 .debug_macro   0x00018ba3       0x61 ./Core/Src/main.o
 .debug_macro   0x00018c04       0x2a ./Core/Src/main.o
 .debug_macro   0x00018c2e       0x43 ./Core/Src/main.o
 .debug_macro   0x00018c71       0x3a ./Core/Src/main.o
 .debug_macro   0x00018cab       0x3c ./Core/Src/main.o
 .debug_macro   0x00018ce7      0x460 ./Core/Src/main.o
 .debug_macro   0x00019147       0x46 ./Core/Src/main.o
 .debug_macro   0x0001918d       0x22 ./Core/Src/main.o
 .debug_macro   0x000191af      0x342 ./Core/Src/main.o
 .debug_macro   0x000194f1       0x7c ./Core/Src/main.o
 .debug_macro   0x0001956d       0x9a ./Core/Src/main.o
 .debug_macro   0x00019607       0x4c ./Core/Src/main.o
 .debug_macro   0x00019653       0x10 ./Core/Src/main.o
 .debug_macro   0x00019663      0x1c0 ./Core/Src/stm32f3xx_hal_msp.o
 .debug_macro   0x00019823      0x1ca ./Core/Src/stm32f3xx_it.o
 .debug_macro   0x000199ed      0x1b1 ./Core/Src/system_stm32f3xx.o
 .debug_macro   0x00019b9e      0x1d5 ./Drivers/STM32F3xx_HAL_Driver/Src/stm32f3xx_hal.o
 .debug_macro   0x00019d73      0x1b1 ./Drivers/STM32F3xx_HAL_Driver/Src/stm32f3xx_hal_cortex.o
 .debug_macro   0x00019f24      0x1d5 ./Drivers/STM32F3xx_HAL_Driver/Src/stm32f3xx_hal_rcc.o
 .debug_macro   0x0001a0f9      0x4b0 ./X-CUBE-AI/App/network.o
 .debug_macro   0x0001a5a9       0x22 ./X-CUBE-AI/App/network.o
 .debug_macro   0x0001a5cb       0x16 ./X-CUBE-AI/App/network.o
 .debug_macro   0x0001a5e1       0x10 ./X-CUBE-AI/App/network.o
 .debug_macro   0x0001a5f1       0x20 ./X-CUBE-AI/App/network.o
 .debug_macro   0x0001a611       0x22 ./X-CUBE-AI/App/network.o
 .debug_macro   0x0001a633       0x10 ./X-CUBE-AI/App/network.o
 .debug_macro   0x0001a643       0xc0 ./X-CUBE-AI/App/network.o
 .debug_macro   0x0001a703      0x229 ./X-CUBE-AI/App/network.o
 .debug_macro   0x0001a92c       0x2e ./X-CUBE-AI/App/network.o
 .debug_macro   0x0001a95a       0xcf ./X-CUBE-AI/App/network.o
 .debug_macro   0x0001aa29      0x1ed ./X-CUBE-AI/App/network.o
 .debug_macro   0x0001ac16      0x19b ./X-CUBE-AI/App/network.o
 .debug_macro   0x0001adb1       0x7c ./X-CUBE-AI/App/network.o
 .debug_macro   0x0001ae2d       0x17 ./X-CUBE-AI/App/network.o
 .debug_macro   0x0001ae44      0x118 ./X-CUBE-AI/App/network.o
 .debug_macro   0x0001af5c      0x202 ./X-CUBE-AI/App/network.o
 .debug_macro   0x0001b15e       0x3a ./X-CUBE-AI/App/network.o
 .debug_macro   0x0001b198       0x2e ./X-CUBE-AI/App/network.o
 .debug_macro   0x0001b1c6       0xdc ./X-CUBE-AI/App/network.o
 .debug_macro   0x0001b2a2       0x16 ./X-CUBE-AI/App/network.o
 .debug_macro   0x0001b2b8       0x4d ./X-CUBE-AI/App/network.o
 .debug_macro   0x0001b305       0x25 ./X-CUBE-AI/App/network.o
 .debug_macro   0x0001b32a       0x6d ./X-CUBE-AI/App/network.o
 .debug_macro   0x0001b397       0x16 ./X-CUBE-AI/App/network.o
 .debug_macro   0x0001b3ad       0x7c ./X-CUBE-AI/App/network.o
 .debug_macro   0x0001b429       0x22 ./X-CUBE-AI/App/network.o
 .debug_macro   0x0001b44b       0x10 ./X-CUBE-AI/App/network.o
 .debug_macro   0x0001b45b       0x11 ./X-CUBE-AI/App/network.o
 .debug_macro   0x0001b46c       0x2e ./X-CUBE-AI/App/network.o
 .debug_macro   0x0001b49a       0x2e ./X-CUBE-AI/App/network.o
 .debug_macro   0x0001b4c8      0x20f ./X-CUBE-AI/App/network_data.o
 .debug_macro   0x0001b6d7       0x46 ./X-CUBE-AI/App/network_data.o
 .debug_macro   0x0001b71d       0xf0 ./X-CUBE-AI/App/network_data_params.o

.debug_line     0x00000000     0x6f1c
 .debug_line    0x00000000      0x732 ./Core/Src/gpio.o
 .debug_line    0x00000732      0xa1b ./Core/Src/main.o
 .debug_line    0x0000114d      0x735 ./Core/Src/stm32f3xx_hal_msp.o
 .debug_line    0x00001882      0x7e4 ./Core/Src/stm32f3xx_it.o
 .debug_line    0x00002066      0x7af ./Core/Src/system_stm32f3xx.o
 .debug_line    0x00002815       0x7a ./Core/Startup/startup_stm32f303k8tx.o
 .debug_line    0x0000288f      0x9eb ./Drivers/STM32F3xx_HAL_Driver/Src/stm32f3xx_hal.o
 .debug_line    0x0000327a      0xbaf ./Drivers/STM32F3xx_HAL_Driver/Src/stm32f3xx_hal_cortex.o
 .debug_line    0x00003e29     0x154a ./Drivers/STM32F3xx_HAL_Driver/Src/stm32f3xx_hal_rcc.o
 .debug_line    0x00005373      0xf20 ./X-CUBE-AI/App/network.o
 .debug_line    0x00006293      0x71c ./X-CUBE-AI/App/network_data.o
 .debug_line    0x000069af      0x56d ./X-CUBE-AI/App/network_data_params.o

.debug_str      0x00000000    0xa6a8e
 .debug_str     0x00000000    0xa6a8e ./Core/Src/gpio.o
                              0x950e5 (size before relaxing)
 .debug_str     0x000a6a8e        0x0 ./Core/Src/main.o
                              0x997b2 (size before relaxing)
 .debug_str     0x000a6a8e        0x0 ./Core/Src/stm32f3xx_hal_msp.o
                              0x950e5 (size before relaxing)
 .debug_str     0x000a6a8e        0x0 ./Core/Src/stm32f3xx_it.o
                              0x95114 (size before relaxing)
 .debug_str     0x000a6a8e        0x0 ./Core/Src/system_stm32f3xx.o
                              0x950c9 (size before relaxing)
 .debug_str     0x000a6a8e        0x0 ./Core/Startup/startup_stm32f303k8tx.o
                                 0x8a (size before relaxing)
 .debug_str     0x000a6a8e        0x0 ./Drivers/STM32F3xx_HAL_Driver/Src/stm32f3xx_hal.o
                              0x957b9 (size before relaxing)
 .debug_str     0x000a6a8e        0x0 ./Drivers/STM32F3xx_HAL_Driver/Src/stm32f3xx_hal_cortex.o
                              0x956de (size before relaxing)
 .debug_str     0x000a6a8e        0x0 ./Drivers/STM32F3xx_HAL_Driver/Src/stm32f3xx_hal_rcc.o
                              0x95569 (size before relaxing)
 .debug_str     0x000a6a8e        0x0 ./X-CUBE-AI/App/network.o
                              0x14d3b (size before relaxing)
 .debug_str     0x000a6a8e        0x0 ./X-CUBE-AI/App/network_data.o
                               0xefe5 (size before relaxing)
 .debug_str     0x000a6a8e        0x0 ./X-CUBE-AI/App/network_data_params.o
                               0x7b0c (size before relaxing)

.comment        0x00000000       0x86
 .comment       0x00000000       0x86 ./Core/Src/gpio.o
                                 0x44 (size before relaxing)
 .comment       0x00000086        0x0 ./Core/Src/main.o
                                 0x44 (size before relaxing)
 .comment       0x00000086        0x0 ./Core/Src/stm32f3xx_hal_msp.o
                                 0x44 (size before relaxing)
 .comment       0x00000086        0x0 ./Core/Src/stm32f3xx_it.o
                                 0x44 (size before relaxing)
 .comment       0x00000086        0x0 ./Core/Src/system_stm32f3xx.o
                                 0x44 (size before relaxing)
 .comment       0x00000086        0x0 ./Drivers/STM32F3xx_HAL_Driver/Src/stm32f3xx_hal.o
                                 0x44 (size before relaxing)
 .comment       0x00000086        0x0 ./Drivers/STM32F3xx_HAL_Driver/Src/stm32f3xx_hal_cortex.o
                                 0x44 (size before relaxing)
 .comment       0x00000086        0x0 ./Drivers/STM32F3xx_HAL_Driver/Src/stm32f3xx_hal_rcc.o
                                 0x44 (size before relaxing)
 .comment       0x00000086        0x0 ./X-CUBE-AI/App/network.o
                                 0x44 (size before relaxing)
 .comment       0x00000086        0x0 ./X-CUBE-AI/App/network_data.o
                                 0x44 (size before relaxing)
 .comment       0x00000086        0x0 ./X-CUBE-AI/App/network_data_params.o
                                 0x44 (size before relaxing)
 .comment       0x00000086        0x0 ../Middlewares/ST/AI/Lib\NetworkRuntime1020_CM4_GCC.a(ai_platform.o)
                                 0x44 (size before relaxing)
 .comment       0x00000086        0x0 ../Middlewares/ST/AI/Lib\NetworkRuntime1020_CM4_GCC.a(ai_platform_interface.o)
                                 0x44 (size before relaxing)
 .comment       0x00000086        0x0 ../Middlewares/ST/AI/Lib\NetworkRuntime1020_CM4_GCC.a(core_common.o)
                                 0x44 (size before relaxing)
 .comment       0x00000086        0x0 ../Middlewares/ST/AI/Lib\NetworkRuntime1020_CM4_GCC.a(layers.o)
                                 0x44 (size before relaxing)
 .comment       0x00000086        0x0 ../Middlewares/ST/AI/Lib\NetworkRuntime1020_CM4_GCC.a(layers_conv2d_generic_float.o)
                                 0x44 (size before relaxing)
 .comment       0x00000086        0x0 ../Middlewares/ST/AI/Lib\NetworkRuntime1020_CM4_GCC.a(layers_generic_float.o)
                                 0x44 (size before relaxing)
 .comment       0x00000086        0x0 ../Middlewares/ST/AI/Lib\NetworkRuntime1020_CM4_GCC.a(layers_nl_generic_float.o)
                                 0x44 (size before relaxing)
 .comment       0x00000086        0x0 ../Middlewares/ST/AI/Lib\NetworkRuntime1020_CM4_GCC.a(layers_pool_generic_float.o)
                                 0x44 (size before relaxing)
 .comment       0x00000086        0x0 ../Middlewares/ST/AI/Lib\NetworkRuntime1020_CM4_GCC.a(forward_lite_conv2d_if32of32wf32.o)
                                 0x44 (size before relaxing)
 .comment       0x00000086        0x0 ../Middlewares/ST/AI/Lib\NetworkRuntime1020_CM4_GCC.a(lite_nl_relu_if32of32.o)
                                 0x44 (size before relaxing)
 .comment       0x00000086        0x0 ../Middlewares/ST/AI/Lib\NetworkRuntime1020_CM4_GCC.a(lite_dense_if32.o)
                                 0x44 (size before relaxing)
 .comment       0x00000086        0x0 ../Middlewares/ST/AI/Lib\NetworkRuntime1020_CM4_GCC.a(st_int8_fill.o)
                                 0x44 (size before relaxing)
 .comment       0x00000086        0x0 ../Middlewares/ST/AI/Lib\NetworkRuntime1020_CM4_GCC.a(ai_datatypes_format.o)
                                 0x44 (size before relaxing)
 .comment       0x00000086        0x0 ../Middlewares/ST/AI/Lib\NetworkRuntime1020_CM4_GCC.a(ai_datatypes_internal.o)
                                 0x44 (size before relaxing)

.debug_frame    0x00000000      0xed4
 .debug_frame   0x00000000       0x38 ./Core/Src/gpio.o
 .debug_frame   0x00000038       0xb4 ./Core/Src/main.o
 .debug_frame   0x000000ec       0x38 ./Core/Src/stm32f3xx_hal_msp.o
 .debug_frame   0x00000124      0x104 ./Core/Src/stm32f3xx_it.o
 .debug_frame   0x00000228       0x58 ./Core/Src/system_stm32f3xx.o
 .debug_frame   0x00000280      0x334 ./Drivers/STM32F3xx_HAL_Driver/Src/stm32f3xx_hal.o
 .debug_frame   0x000005b4      0x428 ./Drivers/STM32F3xx_HAL_Driver/Src/stm32f3xx_hal_cortex.o
 .debug_frame   0x000009dc      0x214 ./Drivers/STM32F3xx_HAL_Driver/Src/stm32f3xx_hal_rcc.o
 .debug_frame   0x00000bf0      0x1ec ./X-CUBE-AI/App/network.o
 .debug_frame   0x00000ddc       0xac ./X-CUBE-AI/App/network_data.o
 .debug_frame   0x00000e88       0x20 C:/ST/STM32CubeIDE_2.0.0/STM32CubeIDE/plugins/com.st.stm32cube.ide.mcu.externaltools.gnu-tools-for-stm32.13.3.rel1.win32_1.0.100.202509120712/tools/bin/../lib/gcc/arm-none-eabi/13.3.1/../../../../arm-none-eabi/lib/thumb/v7e-m+fp/hard\libc_nano.a(libc_a-memset.o)
 .debug_frame   0x00000ea8       0x2c C:/ST/STM32CubeIDE_2.0.0/STM32CubeIDE/plugins/com.st.stm32cube.ide.mcu.externaltools.gnu-tools-for-stm32.13.3.rel1.win32_1.0.100.202509120712/tools/bin/../lib/gcc/arm-none-eabi/13.3.1/../../../../arm-none-eabi/lib/thumb/v7e-m+fp/hard\libc_nano.a(libc_a-init.o)

.debug_line_str
                0x00000000       0x6e
 .debug_line_str
                0x00000000       0x6e ./Core/Startup/startup_stm32f303k8tx.o
